[www.fabeat.in/indexaacc.html]
[backblue.gif]
[fade.gif]
[index.html]
[www.fabeat.in/wp-content/plugins/the-events-calendar/common/src/resources/css/common-skeleton.min3246.css]
[www.fabeat.in/wp-content/plugins/the-events-calendar/common/src/resources/css/tooltip.min3246.css]
[www.fabeat.in/wp-includes/css/dist/block-library/style.min340b.css]
[www.fabeat.in/wp-includes/css/dist/block-library/theme.min340b.css]
[www.fabeat.in/wp-content/plugins/woocommerce/packages/woocommerce-blocks/build/vendors-style324d.css]
[www.fabeat.in/wp-content/plugins/woocommerce/packages/woocommerce-blocks/build/style324d.css]
[www.fabeat.in/wp-content/plugins/metronet-profile-picture/dist/blocks.style.build5f5a.css]
[www.fabeat.in/wp-content/plugins/amazon-polly/public/css/amazonpolly-public8a54.css]
[www.fabeat.in/wp-content/plugins/contact-form-7/includes/css/stylesbb49.css]
[www.fabeat.in/wp-includes/css/dashicons.min340b.css]
[www.fabeat.in/wp-content/plugins/post-views-counter/css/frontend9e1e.css]
[www.fabeat.in/wp-content/plugins/woocommerce/assets/css/woocommerce-layout2cb6.css]
[www.fabeat.in/wp-content/plugins/woocommerce/assets/css/woocommerce-smallscreen2cb6.css]
[www.fabeat.in/wp-content/plugins/woocommerce/assets/css/woocommerce2cb6.css]
[www.fabeat.in/wp-content/themes/fitmeal/assets/css/bootstrap-grid5152.css]
[www.fabeat.in/wp-content/themes/fitmeal/assets/css/plugins9030.css]
[www.fabeat.in/wp-content/themes/fitmeal/style9030.css]
[www.fabeat.in/wp-content/plugins/unyson/framework/static/libs/font-awesome/css/font-awesome.minda48.css]
[www.fabeat.in/wp-content/plugins/instagram-widget-by-wpzoom/css/instagram-widgetd0fb.css]
[www.fabeat.in/wp-content/plugins/js_composer/assets/css/js_composer.min10df.css]
[www.fabeat.in/wp-content/plugins/unyson/framework/static/libs/linecons/css/lineconsda48.css]
[www.fabeat.in/wp-content/plugins/unyson/framework/static/libs/entypo/css/entypoda48.css]
[www.fabeat.in/wp-content/plugins/unyson/framework/static/libs/lnr/css/lnrda48.css]
[www.fabeat.in/wp-content/plugins/unyson/framework/static/libs/typcn/css/typcnda48.css]
[www.fabeat.in/wp-content/plugins/unyson/framework/static/libs/unycon/unyconda48.css]
[www.fabeat.in/wp-content/uploads/2018/02/ltx-fitmeal-codes9030.css]
[www.fabeat.in/wp-content/plugins/js_composer/assets/lib/bower/font-awesome/css/v4-shims.min10df.css]
[www.fabeat.in/wp-content/plugins/js_composer/assets/lib/bower/font-awesome/css/all.min10df.css]
[www.fabeat.in/wp-content/plugins/mailin/css/mailin-front340b.css]
[www.fabeat.in/wp-includes/js/jquery/jquery4a5f.js]
[www.fabeat.in/wp-content/plugins/amazon-polly/public/js/amazonpolly-public8a54.js]
[www.fabeat.in/wp-content/plugins/woocommerce/assets/js/jquery-blockui/jquery.blockUI.min44fd.js]
[www.fabeat.in/wp-content/plugins/woocommerce/assets/js/frontend/add-to-cart.min2cb6.js]
[www.fabeat.in/wp-content/plugins/js_composer/assets/js/vendors/woocommerce-add-to-cart10df.js]
[www.fabeat.in/wp-content/themes/fitmeal/assets/js/modernizr-2.6.2.min61da.js]
[www.fabeat.in/wp-content/plugins/mailin/js/mailin-frontcd5e.js]
[www.fabeat.in/wp-json/index.html]
[www.fabeat.in/wp-json/wp/v2/pages/7925.json]
[www.fabeat.in/xmlrpc0db0.php]
[www.fabeat.in/wp-includes/wlwmanifest.xml]
[www.fabeat.in/wp-json/oembed/1.0/embed2c63.json]
[www.fabeat.in/wp-json/oembed/1.0/embedb863]
[www.fabeat.in/wp-json/app/v1/pwp-manifest.json]
[www.fabeat.in/wp-content/uploads/2018/02/cropped-Screenshot-2020-07-25-at-2.08.32-AM-32x32.png]
[www.fabeat.in/wp-content/uploads/2018/02/cropped-Screenshot-2020-07-25-at-2.08.32-AM-192x192.png]
[www.fabeat.in/wp-content/uploads/2018/02/cropped-Screenshot-2020-07-25-at-2.08.32-AM-180x180.png]
[www.fabeat.in/wp-json/tribe/events/v1/index.html]
[www.fabeat.in/wp-content/uploads/2019/10/veg_pattern_013911.png]
[www.fabeat.in/my-account/index.html]
[www.fabeat.in/cart/index.html]
[www.fabeat.in/wp-content/uploads/2018/02/logo-2-15.png]
[www.fabeat.in/wp-content/uploads/2018/02/logo-2-20.png]
[www.fabeat.in/wp-content/uploads/2019/06/meal_shadow.png]
[www.fabeat.in/wp-content/uploads/2019/06/03_balanced.png]
[www.fabeat.in/wp-content/uploads/2019/06/02_muscle.png]
[www.fabeat.in/blog-three-columns/indexaacc.html]
[www.fabeat.in/wp-content/uploads/2019/06/01_slimming.png]
[www.fabeat.in/wp-content/uploads/2019/10/health-bottle-cut.jpg]
[www.fabeat.in/wp-content/uploads/2019/10/plate_rounded.jpg]
[www.fabeat.in/diet-base-for-slimming/indexaacc.html]
[www.fabeat.in/wp-content/uploads/2019/10/01_menu_slimming.jpg]
[www.fabeat.in/menu/slimming-menu/indexaacc.html]
[www.fabeat.in/balanced-diet/indexaacc.html]
[www.fabeat.in/menu/balanced-menu/indexaacc.html]
[www.fabeat.in/wp-content/uploads/2019/10/02_menu_muscle.jpg]
[www.fabeat.in/muscle-gainig/indexaacc.html]
[www.fabeat.in/menu/muscle-gain-menu/indexaacc.html]
[www.fabeat.in/wp-content/uploads/2019/10/03_menu_balanced.jpg]
[www.fabeat.in/diabetic/indexaacc.html]
[www.fabeat.in/ketogenic-diet/indexaacc.html]
[www.fabeat.in/product-tag/diabetic/indexaacc.html]
[www.fabeat.in/wp-content/uploads/2019/10/04_menu_vegans.42.delayed]
[www.fabeat.in/product-tag/keto/indexaacc.html]
[www.fabeat.in/product-tag/slimming/indexaacc.html]
[www.fabeat.in/product-tag/balanced/indexaacc.html]
[www.fabeat.in/wp-content/uploads/2019/10/nutrion-left.43.delayed]
[www.fabeat.in/wp-content/uploads/2019/10/nutrion-right.png]
[www.fabeat.in/wp-content/uploads/2020/09/delivery-vechicle.png]
[www.fabeat.in/wp-content/uploads/2020/09/delivery-boy.png]
[www.fabeat.in/wp-content/uploads/2017/05/anagha-R-1.jpg]
[www.fabeat.in/wp-content/uploads/2017/05/20200825_141005-110x110.png]
[www.fabeat.in/wp-content/uploads/2017/05/shamsu-110x110.jpg]
[www.fabeat.in/wp-content/uploads/2017/05/steffy-110x110.jpg]
[www.fabeat.in/wp-content/uploads/2017/05/harshan-e1598396871133-110x110.jpg]
[www.fabeat.in/wp-content/uploads/2019/10/testimonials-bg.png]
[www.fabeat.in/wp-content/plugins/click-to-chat-for-whatsapp/new/inc/assets/img/whatsapp-logo-32x32.png]
[www.fabeat.in/wp-content/plugins/lt-ext/shortcodes/zoom_slider/zoom-sliderce90.css]
[www.fabeat.in/wp-content/plugins/js_composer/assets/lib/bower/animate-css/animate.min10df.css]
[www.fabeat.in/wp-content/plugins/metronet-profile-picture/js/mpp-frontend5f5a.js]
[www.fabeat.in/wp-content/plugins/click-to-chat-for-whatsapp/new/inc/assets/js/app784c.js]
[www.fabeat.in/wp-content/plugins/contact-form-7/includes/js/scriptsbb49.js]
[www.fabeat.in/wp-content/plugins/progressive-wp/assets/scripts/ui-installprompt6176.js]
[www.fabeat.in/wp-content/plugins/woocommerce/assets/js/frontend/geolocation.min2cb6.js]
[www.fabeat.in/wp-content/plugins/woocommerce/assets/js/js-cookie/js.cookie.min6b25.js]
[www.fabeat.in/wp-content/plugins/woocommerce/assets/js/frontend/woocommerce.min2cb6.js]
[www.fabeat.in/wp-content/plugins/woocommerce/assets/js/frontend/cart-fragments.min2cb6.js]
[www.fabeat.in/wp-includes/js/imagesloaded.mineda1.js]
[www.fabeat.in/wp-includes/js/masonry.min3a05.js]
[www.fabeat.in/wp-includes/js/jquery/jquery.masonry.minef70.js]
[www.fabeat.in/wp-content/themes/fitmeal/assets/js/jquery.matchHeight340b.js]
[www.fabeat.in/wp-content/themes/fitmeal/assets/js/jquery.nicescroll9b73.js]
[www.fabeat.in/wp-content/themes/fitmeal/assets/js/jquery.swipeboxc2d0.js]
[www.fabeat.in/wp-content/themes/fitmeal/assets/js/bootstrap.mina352.js]
[www.fabeat.in/wp-content/themes/fitmeal/assets/js/swiper.min268f.js]
[www.fabeat.in/wp-content/themes/fitmeal/assets/js/scrollreveal7984.js]
[www.fabeat.in/wp-content/themes/fitmeal/assets/js/waypoint1f22.js]
[www.fabeat.in/wp-content/themes/fitmeal/assets/js/parallax.minc358.js]
[www.fabeat.in/wp-content/themes/fitmeal/assets/js/scripts9030.js]
[www.fabeat.in/wp-content/themes/fitmeal/assets/js/map-style8a54.js]
[www.fabeat.in/wp-content/themes/fitmeal/assets/js/pace340b.js]
[www.fabeat.in/wp-includes/js/wp-embed.min340b.js]
[www.fabeat.in/wp-content/plugins/js_composer/assets/js/dist/js_composer_front.min10df.js]
[www.fabeat.in/wp-content/plugins/lt-ext/shortcodes/zoom_slider/jquery.zoomsliderce90.js]
[www.fabeat.in/wp-content/plugins/js_composer/assets/lib/vc_waypoints/vc-waypoints.min10df.js]
[www.fabeat.in/wp-content/plugins/instagram-widget-by-wpzoom/js/jquery.lazy.mind0fb.js]
[www.fabeat.in/wp-content/plugins/the-events-calendar/common/src/resources/js/underscore-before.js]
[www.fabeat.in/wp-includes/js/underscore.min4511.js]
[www.fabeat.in/wp-content/plugins/the-events-calendar/common/src/resources/js/underscore-after.js]
[www.fabeat.in/wp-includes/js/wp-util.min340b.js]
[www.fabeat.in/wp-content/plugins/instagram-widget-by-wpzoom/js/instagram-widgetd0fb.js]
[www.fabeat.in/indexaacc.html]
[www.fabeat.in/xmlrpc.php]
[www.fabeat.in/index.html]
[www.fabeat.in/feed/index.html]
[www.fabeat.in/comments/feed/index.html]
[www.fabeat.in/events/indexedf3.html]
[www.fabeat.in/wp-content/plugins/mailchimp-for-wp/assets/js/forms.mina288.js]
[www.fabeat.in/wp-content/plugins/the-events-calendar/common/src/resources/css/common-skeleton.min3246.css]
[www.fabeat.in/wp-content/plugins/the-events-calendar/common/src/resources/css/tooltip.min3246.css]
[www.fabeat.in/wp-includes/css/dist/block-library/style.min340b.css]
[www.fabeat.in/wp-includes/css/dist/block-library/theme.min340b.css]
[www.fabeat.in/wp-content/plugins/woocommerce/packages/woocommerce-blocks/build/vendors-style324d.css]
[www.fabeat.in/wp-content/plugins/woocommerce/packages/woocommerce-blocks/build/style324d.css]
[www.fabeat.in/wp-content/plugins/metronet-profile-picture/dist/blocks.style.build5f5a.css]
[www.fabeat.in/wp-content/plugins/amazon-polly/public/css/amazonpolly-public8a54.css]
[www.fabeat.in/wp-content/plugins/contact-form-7/images/ajax-loader.gif]
[www.fabeat.in/wp-content/plugins/contact-form-7/includes/css/stylesbb49.css]
[www.fabeat.in/wp-includes/fonts/dashicons7d4b.eot]
[www.fabeat.in/feed/indexaacc.html]
[www.fabeat.in/comments/feed/indexaacc.html]
[www.fabeat.in/wp-includes/fonts/dashicons7d4b.ttf]
[www.fabeat.in/wp-includes/css/dashicons.min340b.css]
[www.fabeat.in/wp-content/plugins/post-views-counter/css/frontend9e1e.css]
[www.fabeat.in/wp-content/plugins/woocommerce/assets/css/woocommerce-layout2cb6.css]
[www.fabeat.in/wp-content/plugins/woocommerce/assets/css/woocommerce-smallscreen2cb6.css]
[www.fabeat.in/wp-content/plugins/woocommerce/assets/fonts/star.eot]
[www.fabeat.in/wp-content/plugins/woocommerce/assets/fonts/stard41d.eot]
[www.fabeat.in/wp-content/plugins/woocommerce/assets/fonts/star.woff]
[www.fabeat.in/wp-content/plugins/woocommerce/assets/fonts/star.ttf]
[www.fabeat.in/wp-content/plugins/woocommerce/assets/fonts/WooCommerce.eot]
[www.fabeat.in/wp-content/plugins/woocommerce/assets/fonts/WooCommerced41d.eot]
[www.fabeat.in/wp-content/plugins/woocommerce/assets/fonts/WooCommerce.woff]
[www.fabeat.in/wp-content/plugins/woocommerce/assets/fonts/WooCommerce.ttf]
[www.fabeat.in/wp-content/plugins/woocommerce/assets/css/woocommerce2cb6.css]
[www.fabeat.in/wp-content/themes/fitmeal/assets/css/bootstrap-grid5152.css]
[www.fabeat.in/wp-content/themes/fitmeal/assets/images/swipebox/loader.gif]
[www.fabeat.in/wp-content/themes/fitmeal/assets/images/swipebox/icons.png]
[www.fabeat.in/wp-content/themes/fitmeal/assets/css/plugins9030.css]
[www.fabeat.in/wp-content/themes/fitmeal/assets/fonts/ltx-font99a5.eot]
[www.fabeat.in/wp-content/themes/fitmeal/assets/fonts/ltx-font99a5.woff2]
[www.fabeat.in/wp-content/themes/fitmeal/assets/fonts/ltx-font99a5.woff]
[www.fabeat.in/wp-content/themes/fitmeal/assets/fonts/ltx-font99a5.ttf]
[www.fabeat.in/wp-content/themes/fitmeal/assets/images/video-play.png]
[www.fabeat.in/wp-content/themes/fitmeal/assets/images/video-play-big.png]
[www.fabeat.in/wp-content/themes/fitmeal/style9030.css]
[www.fabeat.in/wp-content/plugins/unyson/framework/static/libs/font-awesome/fonts/fontawesome-webfont3e6e.eot]
[www.fabeat.in/wp-content/plugins/unyson/framework/static/libs/font-awesome/fonts/fontawesome-webfontd41d.eot]
[www.fabeat.in/wp-content/plugins/unyson/framework/static/libs/font-awesome/fonts/fontawesome-webfont3e6e.woff2]
[www.fabeat.in/wp-content/plugins/unyson/framework/static/libs/font-awesome/fonts/fontawesome-webfont3e6e.woff]
[www.fabeat.in/wp-content/plugins/unyson/framework/static/libs/font-awesome/fonts/fontawesome-webfont3e6e.ttf]
[www.fabeat.in/wp-content/plugins/unyson/framework/static/libs/font-awesome/css/font-awesome.minda48.css]
[www.fabeat.in/wp-content/plugins/instagram-widget-by-wpzoom/css/instagram-widgetd0fb.css]
[www.fabeat.in/wp-content/plugins/js_composer/assets/vc/alert.png]
[www.fabeat.in/wp-content/plugins/js_composer/assets/vc/info.png]
[www.fabeat.in/wp-content/plugins/js_composer/assets/vc/tick.png]
[www.fabeat.in/wp-content/plugins/js_composer/assets/vc/exclamation.png]
[www.fabeat.in/wp-content/plugins/js_composer/assets/images/icons/address-book.png]
[www.fabeat.in/wp-content/plugins/js_composer/assets/images/icons/alarm-clock.png]
[www.fabeat.in/wp-content/plugins/js_composer/assets/images/icons/anchor.png]
[www.fabeat.in/wp-content/plugins/js_composer/assets/images/icons/application-image.png]
[www.fabeat.in/wp-content/plugins/js_composer/assets/images/icons/arrow.png]
[www.fabeat.in/wp-content/plugins/js_composer/assets/images/icons/asterisk.png]
[www.fabeat.in/wp-content/plugins/js_composer/assets/images/icons/auction-hammer.png]
[www.fabeat.in/wp-content/plugins/js_composer/assets/images/icons/balloon.png]
[www.fabeat.in/wp-content/plugins/js_composer/assets/images/icons/balloon-buzz.png]
[www.fabeat.in/wp-content/plugins/js_composer/assets/images/icons/balloon-facebook.png]
[www.fabeat.in/wp-content/plugins/js_composer/assets/images/icons/balloon-twitter.png]
[www.fabeat.in/wp-content/plugins/js_composer/assets/images/icons/battery-full.png]
[www.fabeat.in/wp-content/plugins/js_composer/assets/images/icons/binocular.png]
[www.fabeat.in/wp-content/plugins/js_composer/assets/images/icons/blue-document-excel.png]
[www.fabeat.in/wp-content/plugins/js_composer/assets/images/icons/blue-document-image.png]
[www.fabeat.in/wp-content/plugins/js_composer/assets/images/icons/blue-document-music.png]
[www.fabeat.in/wp-content/plugins/js_composer/assets/images/icons/blue-document-office.png]
[www.fabeat.in/wp-content/plugins/js_composer/assets/images/icons/blue-document-pdf.png]
[www.fabeat.in/wp-content/plugins/js_composer/assets/images/icons/blue-document-powerpoint.png]
[www.fabeat.in/wp-content/plugins/js_composer/assets/images/icons/blue-document-word.png]
[www.fabeat.in/wp-content/plugins/js_composer/assets/images/icons/bookmark.png]
[www.fabeat.in/wp-content/plugins/js_composer/assets/images/icons/camcorder.png]
[www.fabeat.in/wp-content/plugins/js_composer/assets/images/icons/camera.png]
[www.fabeat.in/wp-content/plugins/js_composer/assets/images/icons/chart.png]
[www.fabeat.in/wp-content/plugins/js_composer/assets/images/icons/chart-pie.png]
[www.fabeat.in/wp-content/plugins/js_composer/assets/images/icons/clock.png]
[www.fabeat.in/wp-content/plugins/js_composer/assets/images/icons/control.png]
[www.fabeat.in/wp-content/plugins/js_composer/assets/images/icons/fire.png]
[www.fabeat.in/wp-content/plugins/js_composer/assets/images/icons/heart.png]
[www.fabeat.in/wp-content/plugins/js_composer/assets/images/icons/mail.png]
[www.fabeat.in/wp-content/plugins/js_composer/assets/images/icons/plus-shield.png]
[www.fabeat.in/wp-content/plugins/js_composer/assets/images/icons/video.png]
[www.fabeat.in/wp-content/plugins/js_composer/assets/fonts/vc_icons_v2/fonts/vcpb-plugin-iconsb82a.eot]
[www.fabeat.in/wp-content/plugins/js_composer/assets/fonts/vc_icons_v2/fonts/vcpb-plugin-iconsb82a.ttf]
[www.fabeat.in/wp-content/plugins/js_composer/assets/fonts/vc_icons_v2/fonts/vcpb-plugin-iconsb82a.woff]
[www.fabeat.in/wp-content/plugins/js_composer/assets/images/toggle_open.png]
[www.fabeat.in/wp-content/plugins/js_composer/assets/images/toggle_close.png]
[www.fabeat.in/wp-content/plugins/js_composer/assets/images/flickr.png]
[www.fabeat.in/wp-content/plugins/js_composer/assets/fonts/vc_grid/vc_grid_v157a1.eot]
[www.fabeat.in/wp-content/plugins/js_composer/assets/fonts/vc_grid/vc_grid_v1d41d.eot]
[www.fabeat.in/wp-content/plugins/js_composer/assets/fonts/vc_grid/vc_grid_v157a1.woff]
[www.fabeat.in/wp-content/plugins/js_composer/assets/fonts/vc_grid/vc_grid_v157a1.ttf]
[www.fabeat.in/wp-content/plugins/js_composer/assets/images/spinner.gif]
[www.fabeat.in/wp-content/plugins/js_composer/assets/vc/remove.png]
[www.fabeat.in/wp-content/plugins/js_composer/assets/css/js_composer.min10df.css]
[www.fabeat.in/wp-content/plugins/unyson/framework/static/libs/linecons/fonts/linecons.eot]
[www.fabeat.in/wp-content/plugins/unyson/framework/static/libs/linecons/css/lineconsda48.css]
[www.fabeat.in/wp-content/plugins/unyson/framework/static/libs/entypo/fonts/entypo.eot]
[www.fabeat.in/wp-content/plugins/unyson/framework/static/libs/entypo/fonts/entypod41d.eot]
[www.fabeat.in/wp-content/plugins/unyson/framework/static/libs/entypo/fonts/entypo.woff]
[www.fabeat.in/wp-content/plugins/unyson/framework/static/libs/entypo/fonts/entypo.ttf]
[www.fabeat.in/wp-content/plugins/unyson/framework/static/libs/entypo/css/entypoda48.css]
[www.fabeat.in/wp-content/plugins/unyson/framework/static/libs/lnr/css/lnrda48.css]
[www.fabeat.in/wp-content/plugins/unyson/framework/static/libs/typcn/fonts/typicons.eot]
[www.fabeat.in/wp-content/plugins/unyson/framework/static/libs/typcn/fonts/typiconsd41d.eot]
[www.fabeat.in/wp-content/plugins/unyson/framework/static/libs/typcn/fonts/typicons.woff]
[www.fabeat.in/wp-content/plugins/unyson/framework/static/libs/typcn/fonts/typicons.ttf]
[www.fabeat.in/wp-content/plugins/unyson/framework/static/libs/typcn/css/typcnda48.css]
[www.fabeat.in/wp-content/plugins/unyson/framework/static/libs/unycon/fonts/Unyconfda5.eot]
[www.fabeat.in/wp-content/plugins/unyson/framework/static/libs/unycon/fonts/Unycond41d.eot]
[www.fabeat.in/wp-content/plugins/unyson/framework/static/libs/unycon/fonts/Unyconfda5.ttf]
[www.fabeat.in/wp-content/plugins/unyson/framework/static/libs/unycon/fonts/Unyconfda5.woff]
[www.fabeat.in/wp-content/plugins/unyson/framework/static/libs/unycon/unyconda48.css]
[www.fabeat.in/wp-content/uploads/2018/02/ltx-fitmeal-codes9030.css]
[www.fabeat.in/wp-content/plugins/js_composer/assets/lib/bower/font-awesome/css/v4-shims.min10df.css]
[www.fabeat.in/wp-content/plugins/js_composer/assets/lib/bower/font-awesome/webfonts/fa-brands-400.eot]
[www.fabeat.in/wp-content/plugins/js_composer/assets/lib/bower/font-awesome/webfonts/fa-brands-400d41d.eot]
[www.fabeat.in/wp-content/plugins/js_composer/assets/lib/bower/font-awesome/webfonts/fa-brands-400.woff2]
[www.fabeat.in/wp-content/plugins/js_composer/assets/lib/bower/font-awesome/webfonts/fa-brands-400.woff]
[www.fabeat.in/wp-content/plugins/js_composer/assets/lib/bower/font-awesome/webfonts/fa-brands-400.ttf]
[www.fabeat.in/wp-content/plugins/js_composer/assets/lib/bower/font-awesome/webfonts/fa-regular-400.eot]
[www.fabeat.in/wp-content/plugins/js_composer/assets/lib/bower/font-awesome/webfonts/fa-regular-400d41d.eot]
[www.fabeat.in/wp-content/plugins/js_composer/assets/lib/bower/font-awesome/webfonts/fa-regular-400.woff2]
[www.fabeat.in/wp-content/plugins/js_composer/assets/lib/bower/font-awesome/webfonts/fa-regular-400.woff]
[www.fabeat.in/wp-content/plugins/js_composer/assets/lib/bower/font-awesome/webfonts/fa-regular-400.ttf]
[www.fabeat.in/wp-content/plugins/js_composer/assets/lib/bower/font-awesome/webfonts/fa-solid-900.eot]
[www.fabeat.in/wp-content/plugins/js_composer/assets/lib/bower/font-awesome/webfonts/fa-solid-900d41d.eot]
[www.fabeat.in/wp-content/plugins/js_composer/assets/lib/bower/font-awesome/webfonts/fa-solid-900.woff2]
[www.fabeat.in/wp-content/plugins/js_composer/assets/lib/bower/font-awesome/webfonts/fa-solid-900.woff]
[www.fabeat.in/wp-content/plugins/js_composer/assets/lib/bower/font-awesome/webfonts/fa-solid-900.ttf]
[www.fabeat.in/wp-content/plugins/js_composer/assets/lib/bower/font-awesome/css/all.min10df.css]
[www.fabeat.in/wp-content/plugins/mailin/img/flags/fr.png]
[www.fabeat.in/wp-content/plugins/mailin/img/flags/ad.png]
[www.fabeat.in/wp-content/plugins/mailin/css/mailin-front340b.css]
[www.fabeat.in/wp-content/plugins/woocommerce/assets/css/select22cb6.css]
[www.fabeat.in/wp-includes/js/zxcvbn-async.min5152.js]
[www.fabeat.in/wp-json/wp/v2/pages/617.json]
[www.fabeat.in/wp-json/oembed/1.0/embed44ef.json]
[www.fabeat.in/wp-json/oembed/1.0/embedae98]
[www.fabeat.in/wp-content/plugins/woocommerce/assets/js/selectWoo/selectWoo.full.min0ba6.js]
[www.fabeat.in/wp-includes/js/dist/vendor/wp-polyfill.min89b1.js]
[www.fabeat.in/wp-includes/js/dist/vendor/wp-polyfill-fetch.min6e0e.js]
[www.fabeat.in/wp-includes/js/dist/vendor/wp-polyfill-node-contains.min2e00.js]
[www.fabeat.in/my-account/lost-password/index.html]
[www.fabeat.in/wp-includes/js/dist/vendor/wp-polyfill-dom-rect.min2e00.js]
[www.fabeat.in/wp-includes/js/dist/vendor/wp-polyfill-url.min5aed.js]
[www.fabeat.in/wp-includes/js/dist/vendor/wp-polyfill-formdata.mine9bd.js]
[www.fabeat.in/wp-includes/js/dist/vendor/wp-polyfill-element-closest.min4c56.js]
[www.fabeat.in/wp-includes/js/dist/i18n.min1a51.js]
[www.fabeat.in/wp-admin/js/password-strength-meter.min340b.js]
[www.fabeat.in/wp-content/plugins/woocommerce/assets/js/frontend/password-strength-meter.min2cb6.js]
[www.fabeat.in/my-account/index.html]
[www.fabeat.in/wp-json/wp/v2/pages/615.json]
[www.fabeat.in/wp-json/oembed/1.0/embed742d.json]
[www.fabeat.in/wp-json/oembed/1.0/embed327e]
[www.fabeat.in/wp-content/plugins/woocommerce/assets/js/frontend/country-select.min2cb6.js]
[www.fabeat.in/wp-content/plugins/woocommerce/assets/js/frontend/address-i18n.min2cb6.js]
[www.fabeat.in/cart/index.html]
[www.fabeat.in/testimonials/index.html]
[www.fabeat.in/team/index.html]
[www.fabeat.in/faq/index.html]
[www.fabeat.in/wp-content/plugins/woocommerce/assets/js/frontend/cart.min2cb6.js]
[www.fabeat.in/shop/index.html]
[www.fabeat.in/team/indexaacc.html]
[www.fabeat.in/checkout/index.html]
[www.fabeat.in/testimonials/indexaacc.html]
[www.fabeat.in/faq/indexaacc.html]
[www.fabeat.in/shop/indexaacc.html]
[www.fabeat.in/wp-json/wp/v2/pages/33.json]
[www.fabeat.in/wp-json/oembed/1.0/embedf1dd.json]
[www.fabeat.in/wp-json/oembed/1.0/embed209f]
[www.fabeat.in/wp-content/uploads/2018/02/blog_23-1150x720.jpg]
[www.fabeat.in/wp-content/uploads/2018/02/blog_24-1150x720.jpg]
[www.fabeat.in/blog-three-columns/indexaacc.html]
[www.fabeat.in/contacts/index.html]
[www.fabeat.in/wp-json/wp/v2/posts/11760.json]
[www.fabeat.in/wp-json/oembed/1.0/embed5833.json]
[www.fabeat.in/wp-json/oembed/1.0/embed72ef]
[www.fabeat.in/wp-content/uploads/2020/09/slim-new.jpg]
[www.fabeat.in/contacts/indexaacc.html]
[www.fabeat.in/wp-includes/js/comment-reply.min340b.js]
[www.fabeat.in/diet-base-for-slimming/indexaacc.html]
[www.fabeat.in/wp-json/oembed/1.0/embed46a5.json]
[www.fabeat.in/wp-json/oembed/1.0/embed0aa7]
[www.fabeat.in/wp-content/uploads/2018/02/trial_parallax9dc9.jpg]
[www.fabeat.in/wp-content/uploads/2020/08/OATS-PUTTU-WITH-SPROUTS-AND-EGG-B.jpg]
[www.fabeat.in/wp-content/uploads/2020/08/GRILLED-CHICKEN-BROCCOLI-WITH-PLAIN-RICE-L.jpg]
[www.fabeat.in/wp-content/uploads/2018/02/GRILLED-CHICKEN-WITH-FRENCH-BEANS-D.jpg]
[www.fabeat.in/wp-content/uploads/2020/08/EGG-WRAP-B.jpg]
[www.fabeat.in/wp-content/uploads/2020/08/TERIYAKI-CHICKEN.jpg]
[www.fabeat.in/product/slimming-menu-800-1000-kcal/indexaacc.html]
[www.fabeat.in/wp-content/uploads/2018/02/CHICKEN-SALAD.jpg]
[www.fabeat.in/wp-content/uploads/2020/08/EGG-SKILLET-WITH-SWEET-POTATO-HASH-BPROTIEN-PANCAKE-WITH-SCRAMBLED-EGG-B.jpg]
[www.fabeat.in/wp-content/uploads/2020/08/GRILLED-CHICKEN-WRAP-B-1.jpg]
[www.fabeat.in/wp-content/uploads/2020/08/BF.png]
[www.fabeat.in/wp-content/uploads/2020/08/CHICKEN-PEA-SPINACH-RICE-L.jpg]
[www.fabeat.in/wp-content/uploads/2020/08/Banana-Smoothie.jpg]
[www.fabeat.in/wp-content/uploads/2020/08/OATS-UPMA-WITH-EGG-B.jpg]
[www.fabeat.in/wp-content/uploads/2020/08/BROKEN-WHEAT-CHICKEN.jpg]
[www.fabeat.in/wp-content/uploads/2018/02/SCRAMBLED-EGG-WITH-MUSHROOM-BROCOLLI-D.jpg.jpg]
[www.fabeat.in/wp-content/uploads/2020/08/Chocolate-Protein-Shake.jpg]
[www.fabeat.in/wp-content/uploads/2018/02/form-corn-bg-1.png]
[www.fabeat.in/wp-content/plugins/js_composer/assets/css/js_composer_tta.min10df.css]
[www.fabeat.in/wp-content/plugins/js_composer/assets/lib/vc_accordion/vc-accordion.min10df.js]
[www.fabeat.in/wp-content/plugins/js_composer/assets/lib/vc-tta-autoplay/vc-tta-autoplay.min10df.js]
[www.fabeat.in/wp-content/plugins/js_composer/assets/lib/vc_tabs/vc-tabs.min10df.js]
[www.fabeat.in/wp-content/plugins/js_composer/assets/lib/bower/skrollr/dist/skrollr.min10df.js]
[www.fabeat.in/menu/slimming-menu/indexaacc.html]
[www.fabeat.in/wp-json/wp/v2/posts/11763.json]
[www.fabeat.in/wp-json/oembed/1.0/embedc740.json]
[www.fabeat.in/wp-json/oembed/1.0/embed59e4]
[www.fabeat.in/wp-content/uploads/2020/09/pexels-daria-shevtsova-1070053-1-Cropped-1-1024x1024.jpg]
[www.fabeat.in/balanced-diet/indexaacc.html]
[www.fabeat.in/wp-json/oembed/1.0/embed58a5.json]
[www.fabeat.in/wp-json/oembed/1.0/embed9ab5]
[www.fabeat.in/wp-content/uploads/2020/08/CHICKKEN-FAJITA-WITH-RICE-L.jpg]
[www.fabeat.in/wp-content/uploads/2018/02/CHICKEN-CHOP-WITH-BLACK-PEPPER-SAUCE-D.jpg]
[www.fabeat.in/wp-content/uploads/2018/02/CHICKEN-WITH-CREAMY-MUSHROOM-SAUCE-BROCCOLI-D.jpg]
[www.fabeat.in/menu/balanced-menu/indexaacc.html]
[www.fabeat.in/product/balanced-menu-1200-1400-kcal/indexaacc.html]
[www.fabeat.in/wp-json/wp/v2/posts/11769.json]
[www.fabeat.in/wp-json/oembed/1.0/embedaa6e.json]
[www.fabeat.in/wp-json/oembed/1.0/embedd0b1]
[www.fabeat.in/wp-content/uploads/2020/09/pexels-dana-tentis-262959-3-1024x683.jpg]
[www.fabeat.in/wp-content/uploads/2020/09/pexels-vlad-chețan-3212808-Cropped-1-1024x683.jpg]
[www.fabeat.in/wp-content/uploads/2020/09/pexels-pixabay-262945-1-1024x683.jpg]
[www.fabeat.in/wp-content/uploads/2020/09/pexels-trang-doan-793785-1-1024x683.jpg]
[www.fabeat.in/wp-content/uploads/2020/09/pexels-david-disponett-2161650-1-1024x683.jpg]
[www.fabeat.in/wp-content/uploads/2020/09/pexels-karolina-grabowska-4198168-1-1024x683.jpg]
[www.fabeat.in/wp-content/uploads/2020/09/pexels-lisa-fotios-1351238-1-1024x683.jpg]
[www.fabeat.in/wp-content/uploads/2020/09/pexels-malidate-van-769289-1-1024x683.jpg]
[www.fabeat.in/muscle-gainig/indexaacc.html]
[www.fabeat.in/wp-json/oembed/1.0/embedcd9a.json]
[www.fabeat.in/wp-json/oembed/1.0/embedf96f]
[www.fabeat.in/wp-content/uploads/2020/08/BAKED-CHICKEN-CURRY-RICE-L.jpg]
[www.fabeat.in/wp-content/uploads/2020/08/GROUND-BEEF-RICE-L.jpg]
[www.fabeat.in/wp-content/uploads/2020/08/STUFFED-PEPPER-RICE-L.jpg]
[www.fabeat.in/wp-content/uploads/2020/08/0-BAKED-BEEF-CURRY-RICE-L.jpg]
[www.fabeat.in/wp-content/uploads/2018/02/FINAL-08.png]
[www.fabeat.in/menu/muscle-gain-menu/indexaacc.html]
[www.fabeat.in/product/muscle-gain-menu-1400-2000-kcal/indexaacc.html]
[www.fabeat.in/wp-json/wp/v2/posts/11781.json]
[www.fabeat.in/wp-json/oembed/1.0/embed48f7.json]
[www.fabeat.in/wp-json/oembed/1.0/embed2270]
[www.fabeat.in/wp-content/uploads/2020/09/pexels-dana-tentis-1213710-1-1024x683.jpg]
[www.fabeat.in/diabetic/indexaacc.html]
[www.fabeat.in/product-tag/diabetic/page/2/indexaacc.html]
[www.fabeat.in/wp-content/uploads/2019/10/footer-bg.png]
[www.fabeat.in/wp-content/uploads/2020/08/BEEF-STROGANOFF-360x360.jpg]
[www.fabeat.in/wp-content/uploads/2020/08/BROKEN-WHEAT-CHICKEN-360x360.jpg]
[www.fabeat.in/wp-content/uploads/2018/02/CHICKEN-SALAD-360x360.jpg]
[www.fabeat.in/wp-content/uploads/2018/02/CHICKEN-WITH-CREAMY-MUSHROOM-SAUCE-BROCCOLI-D-360x360.jpg]
[www.fabeat.in/wp-content/uploads/2020/08/EGG-WRAP-B-360x360.jpg]
[www.fabeat.in/wp-content/uploads/2018/02/CHICKEN-CHOP-WITH-BLACK-PEPPER-SAUCE-D-360x360.jpg]
[www.fabeat.in/product/beef-stroganoff-with-rice/index.html]
[www.fabeat.in/wp-includes/js/jquery/ui/core.mine899.js]
[www.fabeat.in/wp-includes/js/jquery/ui/widget.mine899.js]
[www.fabeat.in/wp-includes/js/jquery/ui/mouse.mine899.js]
[www.fabeat.in/wp-includes/js/jquery/ui/slider.mine899.js]
[www.fabeat.in/wp-content/plugins/woocommerce/assets/js/jquery-ui-touch-punch/jquery-ui-touch-punch.min2cb6.js]
[www.fabeat.in/product/broken-wheat-chicken/index.html]
[www.fabeat.in/wp-content/plugins/woocommerce/assets/js/accounting/accounting.minaffb.js]
[www.fabeat.in/product/chicken-salad/index.html]
[www.fabeat.in/wp-content/plugins/woocommerce/assets/js/frontend/price-slider.min2cb6.js]
[www.fabeat.in/product-tag/diabetic/indexaacc.html]
[www.fabeat.in/product/chicken-with-creamy-mushroom-sauce-broccoli/index.html]
[www.fabeat.in/product/egg-wrap/index.html]
[www.fabeat.in/product/chicken-chop-with-black-pepper-sauce/index.html]
[www.fabeat.in/product-tag/diabetic/page/3/indexaacc.html]
[www.fabeat.in/wp-json/wp/v2/posts/11785.json]
[www.fabeat.in/wp-json/oembed/1.0/embed494e.json]
[www.fabeat.in/wp-json/oembed/1.0/embed7e23]
[www.fabeat.in/wp-content/uploads/2020/09/pexels-olga-islamkina-2226987-1-1024x683.jpg]
[www.fabeat.in/ketogenic-diet/indexaacc.html]
[www.fabeat.in/wp-content/uploads/2020/08/KETO-BEEF-AND-VEGGIES-K-360x360.jpg]
[www.fabeat.in/wp-content/uploads/2020/08/KETO-CHICKEN-VEGGIES-K-1-360x360.jpg]
[www.fabeat.in/wp-content/uploads/2020/08/KETO-EGG-MUSHROOM-OMELETTE-K-360x360.jpg]
[www.fabeat.in/wp-content/uploads/2020/08/KETO-SPINACH-EGG-K-360x360.jpg]
[www.fabeat.in/product-tag/keto/indexaacc.html]
[www.fabeat.in/wp-content/uploads/2020/08/Banana-Smoothie-360x360.jpg]
[www.fabeat.in/wp-content/uploads/2020/08/CHICKKEN-FAJITA-WITH-RICE-L-360x360.jpg]
[www.fabeat.in/wp-content/uploads/2018/02/CHICKEN-QUESADILLA-WITH-BEAN-CORN-SALSA-D.jpg-360x360.jpg]
[www.fabeat.in/product-tag/balanced/indexaacc.html]
[www.fabeat.in/product/keto-beef-and-veggies/index.html]
[www.fabeat.in/product/keto-chicken-and-veggies/index.html]
[www.fabeat.in/wp-content/uploads/2020/08/CHICKEN-PEA-SPINACH-RICE-L-360x360.jpg]
[www.fabeat.in/product/keto-egg-mushroom-omelet/index.html]
[www.fabeat.in/wp-content/uploads/2020/08/CHOCOLATE-PROTIEN-BROWNIE-S-360x360.jpg]
[www.fabeat.in/product/keto-spinach-egg/index.html]
[www.fabeat.in/wp-content/uploads/2020/08/CHOCOLATE-PROTIEN-CUP-CAKE-S-360x360.jpg]
[www.fabeat.in/product-tag/slimming/indexaacc.html]
[www.fabeat.in/product-tag/balanced/page/2/indexaacc.html]
[www.fabeat.in/menu/slimming-menu/index.html]
[www.fabeat.in/product/banana-smoothie/index.html]
[www.fabeat.in/product/chicken-fajita-with-rice/index.html]
[www.fabeat.in/menu/muscle-gain-menu/index.html]
[www.fabeat.in/product/chicken-quesadilla-with-bean-corn-salsa/index.html]
[www.fabeat.in/product-tag/balanced/page/3/indexaacc.html]
[www.fabeat.in/menu/balanced-menu/index.html]
[www.fabeat.in/product-tag/balanced/page/4/indexaacc.html]
[www.fabeat.in/product-tag/slimming/page/2/indexaacc.html]
[www.fabeat.in/menu/office-menu/index.html]
[www.fabeat.in/product-tag/balanced/page/5/indexaacc.html]
[www.fabeat.in/product/chicken-pea-spinach-rice/index.html]
[www.fabeat.in/category/fitness/index.html]
[www.fabeat.in/product/chocolate-protein-brownie/index.html]
[www.fabeat.in/ketogenic-diet/index.html]
[www.fabeat.in/product/chocolate-protein-cup-cake-s/index.html]
[www.fabeat.in/product-tag/slimming/page/4/indexaacc.html]
[www.fabeat.in/product-tag/slimming/page/3/indexaacc.html]
[www.fabeat.in/diabetic/index.html]
[www.fabeat.in/muscle-gainig/index.html]
[www.fabeat.in/blog-masonry-with-sidebar/index.html]
[www.fabeat.in/wp-content/plugins/lt-ext/shortcodes/zoom_slider/zoom-sliderce90.css]
[www.fabeat.in/wp-content/plugins/js_composer/assets/lib/bower/animate-css/animate.min10df.css]
[www.fabeat.in/events/index0a84.html]
[www.fabeat.in/menu/office-menu/indexaacc.html]
[www.fabeat.in/wp-content/plugins/woocommerce/assets/fonts/star.svg]
[www.fabeat.in/wp-content/plugins/woocommerce/assets/fonts/WooCommerce.svg]
[www.fabeat.in/wp-content/plugins/woocommerce/assets/images/icons/loader.svg]
[www.fabeat.in/wp-content/plugins/woocommerce/assets/images/icons/credit-cards/visa.svg]
[www.fabeat.in/wp-content/plugins/woocommerce/assets/images/icons/credit-cards/mastercard.svg]
[www.fabeat.in/wp-content/plugins/woocommerce/assets/images/icons/credit-cards/laser.svg]
[www.fabeat.in/wp-content/plugins/woocommerce/assets/images/icons/credit-cards/diners.svg]
[www.fabeat.in/wp-content/plugins/woocommerce/assets/images/icons/credit-cards/maestro.svg]
[www.fabeat.in/wp-content/plugins/woocommerce/assets/images/icons/credit-cards/jcb.svg]
[www.fabeat.in/wp-content/plugins/woocommerce/assets/images/icons/credit-cards/amex.svg]
[www.fabeat.in/wp-content/plugins/woocommerce/assets/images/icons/credit-cards/discover.svg]
[www.fabeat.in/wp-content/themes/fitmeal/assets/fonts/glyphicons-halflings-regular.eot/indexaacc.html]
[www.fabeat.in/wp-content/themes/fitmeal/assets/fonts/glyphicons-halflings-regular.woff2/indexaacc.html]
[www.fabeat.in/wp-content/themes/fitmeal/assets/fonts/glyphicons-halflings-regular.woff/indexaacc.html]
[www.fabeat.in/wp-content/themes/fitmeal/assets/fonts/glyphicons-halflings-regular.ttf/indexaacc.html]
[www.fabeat.in/wp-content/themes/fitmeal/assets/fonts/glyphicons-halflings-regular.svg/indexaacc.html]
[www.fabeat.in/wp-content/themes/fitmeal/assets/fonts/ltx-font99a5.svg]
[www.fabeat.in/wp-content/themes/fitmeal/assets/images/wave.svg]
[www.fabeat.in/wp-content/plugins/unyson/framework/static/libs/font-awesome/fonts/fontawesome-webfont3e6e.svg]
[www.fabeat.in/wp-content/plugins/js_composer/assets/fonts/vc_icons_v2/fonts/vcpb-plugin-iconsb82a.svg]
[www.fabeat.in/wp-content/plugins/js_composer/assets/vc/blur.svg]
[www.fabeat.in/wp-content/plugins/js_composer/assets/fonts/vc_grid/vc_grid_v157a1.svg]
[www.fabeat.in/category/fitness/indexaacc.html]
[www.fabeat.in/wp-content/plugins/unyson/framework/static/libs/entypo/fonts/entypo.svg]
[www.fabeat.in/wp-content/plugins/unyson/framework/static/libs/typcn/fonts/typicons.svg]
[www.fabeat.in/blog-masonry-with-sidebar/indexaacc.html]
[www.fabeat.in/wp-content/plugins/unyson/framework/static/libs/unycon/fonts/Unyconfda5.svg]
[www.fabeat.in/wp-content/plugins/js_composer/assets/lib/bower/font-awesome/webfonts/fa-brands-400.svg]
[www.fabeat.in/wp-content/plugins/js_composer/assets/lib/bower/font-awesome/webfonts/fa-regular-400.svg]
[www.fabeat.in/wp-content/plugins/js_composer/assets/lib/bower/font-awesome/webfonts/fa-solid-900.svg]
[www.fabeat.in/wp-content/plugins/woocommerce/assets/css/select22cb6.css]
[www.fabeat.in/index5c49.html]
[www.fabeat.in/wp-content/plugins/woocommerce/assets/js/frontend/lost-password.min2cb6.js]
[www.fabeat.in/my-account/lost-password/index.html]
[www.fabeat.in/index2f7a.html]
[www.fabeat.in/wp-json/wp/v2/pages/23.json]
[www.fabeat.in/wp-json/oembed/1.0/embed03ff.json]
[www.fabeat.in/wp-json/oembed/1.0/embed6942]
[www.fabeat.in/wp-content/uploads/2017/05/20180521_165227-1-110x110.jpg]
[www.fabeat.in/testimonials/indexaacc.html]
[www.fabeat.in/wp-content/uploads/2017/09/ahalya-2017-2.jpg]
[www.fabeat.in/team/indexaacc.html]
[www.fabeat.in/wp-content/uploads/2017/09/ramji-new.jpg]
[www.fabeat.in/wp-json/wp/v2/pages/2253.json]
[www.fabeat.in/wp-json/oembed/1.0/embedf277.json]
[www.fabeat.in/wp-json/oembed/1.0/embed94ad]
[www.fabeat.in/faq/indexaacc.html]
[www.fabeat.in/wp-content/uploads/2020/08/0-BAKED-BEEF-CURRY-RICE-L-360x360.jpg]
[www.fabeat.in/wp-content/uploads/2020/08/BAKED-CHICKEN-CURRY-RICE-L-360x360.jpg]
[www.fabeat.in/wp-content/uploads/2020/11/03_menu_balanced-360x244.jpg]
[www.fabeat.in/shop/indexaacc.html]
[www.fabeat.in/blog-three-columns/index.html]
[www.fabeat.in/indexdd23.html]
[www.fabeat.in/shop/page/2/indexaacc.html]
[www.fabeat.in/product/baked-chicken-curry-rice/index.html]
[www.fabeat.in/balanced-diet/index.html]
[www.fabeat.in/product/baked-beef-curry-rice/index.html]
[www.fabeat.in/product/balanced-menu-1200-1400-kcal/index.html]
[www.fabeat.in/category/slimming/index.html]
[www.fabeat.in/shop/page/3/indexaacc.html]
[www.fabeat.in/diet-base-for-slimming/index.html]
[www.fabeat.in/shop/page/4/indexaacc.html]
[www.fabeat.in/obesity-the-causesrisks-and-cure-explained/index.html]
[www.fabeat.in/shop/page/5/indexaacc.html]
[www.fabeat.in/shop/page/6/indexaacc.html]
[www.fabeat.in/intermittent-fasting-explained-and-3-ways-to-adapt-it-into-your-life/index.html]
[www.fabeat.in/shop/page/7/indexaacc.html]
[www.fabeat.in/top-5-drinks-to-consume-this-season-to-build-your-immunity/index.html]
[www.fabeat.in/category/slimming/indexaacc.html]
[www.fabeat.in/how-many-calories-an-adult-needs-per-day-2/index.html]
[www.fabeat.in/obesity-the-causesrisks-and-cure-explained/indexaacc.html]
[www.fabeat.in/category/nutritionist/index.html]
[www.fabeat.in/intermittent-fasting-explained-and-3-ways-to-adapt-it-into-your-life/indexaacc.html]
[www.fabeat.in/best-products-for-fitness-nutrition-and-muscles-2/index.html]
[www.fabeat.in/top-5-drinks-to-consume-this-season-to-build-your-immunity/indexaacc.html]
[www.fabeat.in/how-many-calories-an-adult-needs-per-day-2/indexaacc.html]
[www.fabeat.in/category/nutritionist/indexaacc.html]
[www.fabeat.in/best-products-for-fitness-nutrition-and-muscles-2/indexaacc.html]
[www.fabeat.in/wp-json/wp/v2/pages/25.json]
[www.fabeat.in/wp-json/oembed/1.0/embed5ff3.json]
[www.fabeat.in/wp-json/oembed/1.0/embedb289]
[www.fabeat.in/contacts/indexaacc.html]
[www.fabeat.in/diet-base-for-slimming/feed/index.html]
[www.fabeat.in/index77e4.html]
[www.fabeat.in/diet-base-for-slimming/amp/index.html]
[www.fabeat.in/indexe0f5.html]
[www.fabeat.in/wp-content/plugins/woocommerce/assets/css/photoswipe/photoswipe.min2cb6.css]
[www.fabeat.in/wp-content/plugins/woocommerce/assets/css/photoswipe/default-skin/default-skin.min2cb6.css]
[www.fabeat.in/wp-content/plugins/buy-now-woo/assets/css/buy-now-woo8a54.css]
[www.fabeat.in/diet-base-for-slimming/amp/indexaacc.html]
[www.fabeat.in/diet-base-for-slimming/feed/indexaacc.html]
[www.fabeat.in/product/slimming-menu-800-1000-kcal/index.html]
[www.fabeat.in/wp-json/wp/v2/product/11840.json]
[www.fabeat.in/product/slimming-menu-800-1000-kcal/feed/index.html]
[www.fabeat.in/wp-json/oembed/1.0/embed7a7c.json]
[www.fabeat.in/wp-json/oembed/1.0/embed49b7]
[www.fabeat.in/wp-content/uploads/2020/11/01_menu_slimming.jpg]
[www.fabeat.in/wp-content/uploads/2020/11/01_menu_slimming-600x407.jpg]
[www.fabeat.in/wp-content/uploads/2020/08/OATS-UPMA-WITH-EGG-B-360x360.jpg]
[www.fabeat.in/wp-content/uploads/2020/08/Vanilla-Protien-shake-360x360.jpg]
[www.fabeat.in/wp-content/plugins/woocommerce/assets/js/selectWoo/selectWoo.full.min.js,qver=1.0.6.pagespeed.jm.4ZxjtPJ5H5.js]
[www.fabeat.in/wp-includes/js/dist/vendor/wp-polyfill.min.js,qver=7.4.4.pagespeed.jm.yZ1Y6zDT_2.js]
[www.fabeat.in/wp-content/plugins/woocommerce/assets/js/frontend/checkout.min2cb6.js]
[www.fabeat.in/wp-content/plugins/js_composer/assets/lib/bower/flexslider/jquery.flexslider-min10df.js]
[www.fabeat.in/wp-content/plugins/woocommerce/assets/js/photoswipe/photoswipe.min0235.js]
[www.fabeat.in/wp-content/plugins/woocommerce/assets/js/photoswipe/photoswipe-ui-default.min0235.js]
[www.fabeat.in/wp-content/plugins/woocommerce/assets/js/frontend/single-product.min2cb6.js]
[www.fabeat.in/product/oats-upma-with-egg/index.html]
[www.fabeat.in/product/slimming-menu-800-1000-kcal/indexaacc.html]
[www.fabeat.in/wp-content/plugins/js_composer/assets/css/js_composer_tta.min10df.css]
[www.fabeat.in/balanced-diet/feed/index.html]
[www.fabeat.in/indexd53d.html]
[www.fabeat.in/balanced-diet/amp/index.html]
[www.fabeat.in/wp-content/plugins/buy-now-woo/assets/js/buy-now-woo8a54.js]
[www.fabeat.in/index958a.html]
[www.fabeat.in/product/vanilla-protein-shake/index.html]
[www.fabeat.in/wp-json/wp/v2/product/11845]
[www.fabeat.in/balanced-diet/amp/indexaacc.html]
[www.fabeat.in/product/balanced-menu-1200-1400-kcal/feed/index.html]
[www.fabeat.in/balanced-diet/feed/indexaacc.html]
[www.fabeat.in/wp-json/oembed/1.0/embeda4ab.json]
[www.fabeat.in/wp-json/oembed/1.0/embeda666]
[www.fabeat.in/wp-content/uploads/2020/11/03_menu_balanced.jpg]
[www.fabeat.in/wp-content/uploads/2020/11/03_menu_balanced-600x407.jpg]
[www.fabeat.in/wp-content/uploads/2020/08/HAINANESE-CHICKEN-RICE-L-360x360.jpg]
[www.fabeat.in/product/balanced-menu-1200-1400-kcal/indexaacc.html]
[www.fabeat.in/muscle-gainig/feed/index.html]
[www.fabeat.in/index265e.html]
[www.fabeat.in/muscle-gainig/amp/index.html]
[www.fabeat.in/index6fca.html]
[www.fabeat.in/muscle-gainig/feed/indexaacc.html]
[www.fabeat.in/product/hainanese-chicken-rice/index.html]
[www.fabeat.in/muscle-gainig/amp/indexaacc.html]
[www.fabeat.in/product/muscle-gain-menu-1400-2000-kcal/index.html]
[www.fabeat.in/wp-json/wp/v2/product/11841.json]
[www.fabeat.in/product/muscle-gain-menu-1400-2000-kcal/feed/index.html]
[www.fabeat.in/wp-json/oembed/1.0/embed3e8c.json]
[www.fabeat.in/wp-json/oembed/1.0/embedd57b]
[www.fabeat.in/wp-content/uploads/2020/11/02_menu_muscle.jpg]
[www.fabeat.in/wp-content/uploads/2020/11/02_menu_muscle-600x407.jpg]
[www.fabeat.in/product/muscle-gain-menu-1400-2000-kcal/indexaacc.html]
[www.fabeat.in/diabetic/feed/index.html]
[www.fabeat.in/index47e7.html]
[www.fabeat.in/diabetic/amp/index.html]
[www.fabeat.in/wp-content/uploads/2020/08/GRILLED-CHICKEN-BROCCOLI-WITH-PLAIN-RICE-L-360x360.jpg]
[www.fabeat.in/wp-content/uploads/2020/08/OATS-PUTTU-WITH-SPROUTS-AND-EGG-B-360x360.jpg]
[www.fabeat.in/diabetic/feed/indexaacc.html]
[www.fabeat.in/product/grilled-chicken-broccoli-with-plain-rice/index.html]
[www.fabeat.in/wp-content/uploads/2020/08/QUINOA-CHICKEN-360x360.jpg]
[www.fabeat.in/product-tag/diabetic/page/2/indexaacc.html]
[www.fabeat.in/diabetic/amp/indexaacc.html]
[www.fabeat.in/product-tag/diabetic/index.html]
[www.fabeat.in/product-tag/diabetic/feed/index.html]
[www.fabeat.in/product/oats-puttu-with-sprouts-and-egg/index.html]
[www.fabeat.in/product/quinoa-chicken-rice-with-egg/index.html]
[www.fabeat.in/product-tag/diabetic/feed/indexaacc.html]
[fabeat.s3.ap-south-1.amazonaws.com/colonial/Beef+stroganoff.jpg]
[www.fabeat.in/wp-json/wp/v2/product/11425.json]
[www.fabeat.in/product/beef-stroganoff-with-rice/feed/index.html]
[www.fabeat.in/wp-json/oembed/1.0/embed63ba.json]
[www.fabeat.in/wp-json/oembed/1.0/embed0012]
[www.fabeat.in/wp-content/uploads/2020/08/BEEF-STROGANOFF.jpg]
[www.fabeat.in/wp-content/uploads/2020/08/BEEF-STROGANOFF-600x600.jpg]
[www.fabeat.in/wp-content/uploads/2020/08/stroganoff-beef-300x300.png]
[www.fabeat.in/wp-content/uploads/2020/08/BF-360x360.png]
[www.fabeat.in/wp-content/uploads/2020/08/GRILLED-CHICKEN-WRAP-B-1-360x360.jpg]
[www.fabeat.in/product/beef-stroganoff-with-rice/index.html]
[fabeat.s3.ap-south-1.amazonaws.com/colonial/Broken+wheat+chicken.jpg]
[www.fabeat.in/product/protein-pancake-with-scrambled-egg/index.html]
[www.fabeat.in/product/grilled-chicken-wrap/index.html]
[www.fabeat.in/wp-json/wp/v2/product/11428.json]
[www.fabeat.in/product/broken-wheat-chicken/feed/index.html]
[www.fabeat.in/wp-json/oembed/1.0/embed0809.json]
[www.fabeat.in/wp-json/oembed/1.0/embedd025]
[www.fabeat.in/wp-content/uploads/2020/08/BROKEN-WHEAT-CHICKEN-600x600.jpg]
[www.fabeat.in/wp-content/uploads/2020/08/Broken-wheet-chicken-rice-with-egg-1-300x300.png]
[www.fabeat.in/wp-content/uploads/2020/08/PROTIEN-PANCAKE-WITH-CHICKEN-sausage-B-360x360.jpg]
[www.fabeat.in/product/broken-wheat-chicken/index.html]
[fabeat.s3.ap-south-1.amazonaws.com/colonial/Chicken+salad.jpg]
[www.fabeat.in/product/chocolate-protein-shake/index.html]
[www.fabeat.in/product/protien-pancake-with-chicken-sausage/index.html]
[www.fabeat.in/wp-json/wp/v2/product/11431.json]
[www.fabeat.in/product/chicken-salad/feed/index.html]
[www.fabeat.in/wp-json/oembed/1.0/embedd245.json]
[www.fabeat.in/wp-json/oembed/1.0/embedeccc]
[www.fabeat.in/wp-content/uploads/2018/02/CHICKEN-SALAD-600x600.jpg]
[www.fabeat.in/wp-content/uploads/2020/08/Chicken-Salad-300x300.png]
[www.fabeat.in/wp-content/uploads/2020/08/STUFFED-PEPPER-RICE-L-360x360.jpg]
[www.fabeat.in/product/chicken-salad/index.html]
[fabeat.s3.ap-south-1.amazonaws.com/colonial/Chicken+creamy+mashroom+sauce+and+broccoli.jpg]
[www.fabeat.in/product/stuffed-pepper-rice/index.html]
[www.fabeat.in/wp-json/wp/v2/product/11432.json]
[www.fabeat.in/product/chicken-with-creamy-mushroom-sauce-broccoli/feed/index.html]
[www.fabeat.in/wp-json/oembed/1.0/embedfb00.json]
[www.fabeat.in/wp-json/oembed/1.0/embedd14f]
[www.fabeat.in/wp-content/uploads/2018/02/CHICKEN-WITH-CREAMY-MUSHROOM-SAUCE-BROCCOLI-D-600x600.jpg]
[www.fabeat.in/wp-content/uploads/2020/08/chicken-with-creamy-sauce-and-broccli-300x300.png]
[www.fabeat.in/product/chicken-with-creamy-mushroom-sauce-broccoli/index.html]
[fabeat.s3.ap-south-1.amazonaws.com/colonial/Egg+wrap.jpg]
[www.fabeat.in/wp-json/wp/v2/product/11406.json]
[www.fabeat.in/product/egg-wrap/feed/index.html]
[www.fabeat.in/wp-json/oembed/1.0/embed89ee.json]
[www.fabeat.in/wp-json/oembed/1.0/embedbba3]
[www.fabeat.in/wp-content/uploads/2020/08/EGG-WRAP-B-600x600.jpg]
[www.fabeat.in/wp-content/uploads/2020/08/egg-wrap-1-300x300.png]
[www.fabeat.in/wp-content/uploads/2020/08/GROUND-BEEF-RICE-L-1-360x360.jpg]
[www.fabeat.in/product/egg-wrap/index.html]
[fabeat.s3.ap-south-1.amazonaws.com/colonial/Chicken+chop+with+black+pepper+sauce.jpg]
[www.fabeat.in/product/ground-beef-rice/index.html]
[www.fabeat.in/wp-json/wp/v2/product/11429.json]
[www.fabeat.in/product/chicken-chop-with-black-pepper-sauce/feed/index.html]
[www.fabeat.in/wp-json/oembed/1.0/embed6460.json]
[www.fabeat.in/wp-json/oembed/1.0/embede1eb]
[www.fabeat.in/wp-content/uploads/2018/02/CHICKEN-CHOP-WITH-BLACK-PEPPER-SAUCE-D-600x600.jpg]
[www.fabeat.in/wp-content/uploads/2020/08/Grilled-chicken-with-black-pepper-sauce-300x300.png]
[www.fabeat.in/product/chicken-chop-with-black-pepper-sauce/index.html]
[www.fabeat.in/wp-content/uploads/2018/02/STUFFED-EGG-WITH-CHICKEN-VEGGIES-D-360x360.jpg]
[www.fabeat.in/product-tag/diabetic/page/3/indexaacc.html]
[www.fabeat.in/product-category/drinks/index.html]
[www.fabeat.in/product-category/diabetic-menu/index.html]
[www.fabeat.in/product/stuffed-egg-with-chicken-veggies/index.html]
[www.fabeat.in/product-category/high-protein/index.html]
[www.fabeat.in/product-category/diabetic-menu/indexaacc.html]
[www.fabeat.in/product-category/keto-diet-meals/index.html]
[www.fabeat.in/product-category/drinks/indexaacc.html]
[www.fabeat.in/product-category/low-pressure/index.html]
[www.fabeat.in/product-category/meals/index.html]
[www.fabeat.in/product-category/high-protein/indexaacc.html]
[www.fabeat.in/product-category/snacks/index.html]
[www.fabeat.in/product-category/keto-diet-meals/indexaacc.html]
[www.fabeat.in/product-category/low-pressure/indexaacc.html]
[www.fabeat.in/product-category/vegetables/index.html]
[www.fabeat.in/product-category/weight-loss/index.html]
[www.fabeat.in/product-category/meals/indexaacc.html]
[www.fabeat.in/product-category/snacks/indexaacc.html]
[www.fabeat.in/product-tag/balanced/index.html]
[www.fabeat.in/product-tag/keto/index.html]
[www.fabeat.in/product-tag/musclegain/index.html]
[www.fabeat.in/product-tag/slimming/index.html]
[www.fabeat.in/ketogenic-diet/feed/index.html]
[www.fabeat.in/product-category/vegetables/indexaacc.html]
[www.fabeat.in/indexe8a3.html]
[www.fabeat.in/ketogenic-diet/amp/index.html]
[www.fabeat.in/product-category/weight-loss/indexaacc.html]
[www.fabeat.in/product-tag/keto/feed/index.html]
[www.fabeat.in/product-tag/musclegain/indexaacc.html]
[www.fabeat.in/ketogenic-diet/amp/indexaacc.html]
[www.fabeat.in/ketogenic-diet/feed/indexaacc.html]
[fabeat.s3.ap-south-1.amazonaws.com/colonial/Keto+beef+and+veggies.jpg]
[www.fabeat.in/product-tag/keto/feed/indexaacc.html]
[www.fabeat.in/wp-json/wp/v2/product/11565.json]
[www.fabeat.in/product/keto-beef-and-veggies/feed/index.html]
[www.fabeat.in/wp-json/oembed/1.0/embed47d8.json]
[www.fabeat.in/wp-json/oembed/1.0/embed863d]
[www.fabeat.in/wp-content/uploads/2020/08/KETO-BEEF-AND-VEGGIES-K.jpg]
[www.fabeat.in/wp-content/uploads/2020/08/KETO-BEEF-AND-VEGGIES-K-600x600.jpg]
[www.fabeat.in/wp-content/uploads/2020/08/Keto-beef-and-veggies-1-300x300.png]
[www.fabeat.in/product/keto-beef-and-veggies/index.html]
[fabeat.s3.ap-south-1.amazonaws.com/colonial/Keto+chicken+and+veggies.jpg]
[www.fabeat.in/wp-json/wp/v2/product/11568.json]
[www.fabeat.in/product/keto-chicken-and-veggies/feed/index.html]
[www.fabeat.in/wp-json/oembed/1.0/embed3c01.json]
[www.fabeat.in/wp-json/oembed/1.0/embed20ce]
[www.fabeat.in/wp-content/uploads/2020/08/KETO-CHICKEN-VEGGIES-K-1.jpg]
[www.fabeat.in/wp-content/uploads/2020/08/KETO-CHICKEN-VEGGIES-K-1-600x600.jpg]
[www.fabeat.in/wp-content/uploads/2020/08/keto-chicken-and-veggies-300x300.png]
[www.fabeat.in/product/keto-chicken-and-veggies/index.html]
[fabeat.s3.ap-south-1.amazonaws.com/colonial/Keto+egg+mushroom+omelet.jpg]
[www.fabeat.in/wp-json/wp/v2/product/11578.json]
[www.fabeat.in/wp-json/oembed/1.0/embed4dc4.json]
[www.fabeat.in/product/keto-egg-mushroom-omelet/feed/index.html]
[www.fabeat.in/wp-json/oembed/1.0/embed2ee3]
[www.fabeat.in/wp-content/uploads/2020/08/KETO-EGG-MUSHROOM-OMELETTE-K.jpg]
[www.fabeat.in/wp-content/uploads/2020/08/KETO-EGG-MUSHROOM-OMELETTE-K-600x600.jpg]
[www.fabeat.in/wp-content/uploads/2020/08/keto-mushroom-omlet--300x300.png]
[www.fabeat.in/wp-content/uploads/2018/02/SCRAMBLED-EGG-WITH-MUSHROOM-BROCOLLI-D.jpg-360x360.jpg]
[www.fabeat.in/product/keto-egg-mushroom-omelet/index.html]
[www.fabeat.in/wp-content/uploads/2020/08/VANILLA-PROTIEN-CUPCAKE-S.jpg]
[fabeat.s3.ap-south-1.amazonaws.com/colonial/Keto+spinach+egg.jpg]
[www.fabeat.in/product/scrambled-egg-with-mushroom-broccoli/index.html]
[www.fabeat.in/product/vanilla-protein-cupcake/index.html]
[www.fabeat.in/wp-json/wp/v2/product/11581.json]
[www.fabeat.in/product/keto-spinach-egg/feed/index.html]
[www.fabeat.in/wp-json/oembed/1.0/embed975d.json]
[www.fabeat.in/wp-json/oembed/1.0/embedc6d1]
[www.fabeat.in/wp-content/uploads/2020/08/KETO-SPINACH-EGG-K.jpg]
[www.fabeat.in/wp-content/uploads/2020/08/KETO-SPINACH-EGG-K-600x600.jpg]
[www.fabeat.in/wp-content/uploads/2020/08/keto-spinach-omlet-300x300.png]
[www.fabeat.in/product/keto-spinach-egg/index.html]
[www.fabeat.in/wp-content/uploads/2020/08/EGG-SKILLET-WITH-SWEET-POTATO-HASH-BPROTIEN-PANCAKE-WITH-SCRAMBLED-EGG-B-360x360.jpg]
[www.fabeat.in/wp-content/uploads/2018/02/FIRITTATA-360x360.jpg]
[www.fabeat.in/product-tag/balanced/page/2/indexaacc.html]
[www.fabeat.in/product-tag/balanced/feed/index.html]
[www.fabeat.in/product/egg-skillet-with-sweet-potato-hash/index.html]
[www.fabeat.in/product-tag/balanced/feed/indexaacc.html]
[www.fabeat.in/wp-json/wp/v2/product/11563.json]
[www.fabeat.in/product/firittata/index.html]
[www.fabeat.in/product/banana-smoothie/feed/index.html]
[www.fabeat.in/wp-json/oembed/1.0/embed3ac6]
[www.fabeat.in/wp-content/uploads/2020/08/Banana-Smoothie-600x600.jpg]
[www.fabeat.in/wp-content/uploads/2020/08/Untitled-2-300x300.png]
[www.fabeat.in/wp-content/uploads/2020/08/TERIYAKI-CHICKEN-360x360.jpg]
[www.fabeat.in/product/banana-smoothie/index.html]
[fabeat.s3.ap-south-1.amazonaws.com/colonial/Chicken+fajita+with+rice.jpg]
[www.fabeat.in/product/teriyaki-chicken/index.html]
[www.fabeat.in/wp-json/wp/v2/product/11419.json]
[www.fabeat.in/product/chicken-fajita-with-rice/feed/index.html]
[www.fabeat.in/wp-json/oembed/1.0/embed6824.json]
[www.fabeat.in/wp-json/oembed/1.0/embedb488]
[www.fabeat.in/wp-content/uploads/2020/08/CHICKKEN-FAJITA-WITH-RICE-L-600x600.jpg]
[www.fabeat.in/wp-content/uploads/2020/08/fajita-1-300x300.png]
[www.fabeat.in/product/chicken-fajita-with-rice/index.html]
[fabeat.s3.ap-south-1.amazonaws.com/colonial/chicken+quesadilla+with+bean+corn+salsa.jpg]
[www.fabeat.in/wp-json/wp/v2/product/11430.json]
[www.fabeat.in/product/chicken-quesadilla-with-bean-corn-salsa/feed/index.html]
[www.fabeat.in/wp-json/oembed/1.0/embedf2bb.json]
[www.fabeat.in/wp-json/oembed/1.0/embed0e53]
[www.fabeat.in/wp-content/uploads/2018/02/CHICKEN-QUESADILLA-WITH-BEAN-CORN-SALSA-D.jpg.jpg]
[www.fabeat.in/wp-content/uploads/2018/02/CHICKEN-QUESADILLA-WITH-BEAN-CORN-SALSA-D.jpg-600x600.jpg]
[www.fabeat.in/wp-content/uploads/2020/08/Spicy-chicken-quesadilla-300x300.png]
[www.fabeat.in/product/chicken-quesadilla-with-bean-corn-salsa/index.html]
[www.fabeat.in/wp-content/uploads/2018/02/GRILLED-CHICKEN-WITH-FRENCH-BEANS-D-360x360.jpg]
[www.fabeat.in/product-tag/balanced/page/3/indexaacc.html]
[www.fabeat.in/wp-content/uploads/2018/02/SPICY-BEEF-QUESADILLA-D-360x360.jpg]
[www.fabeat.in/product-tag/balanced/page/4/indexaacc.html]
[www.fabeat.in/product/grilled-chicken-with-french-beans-2/index.html]
[www.fabeat.in/product-tag/balanced/page/5/indexaacc.html]
[www.fabeat.in/product/spicy-beef-quesadilla/index.html]
[www.fabeat.in/product-tag/slimming/page/2/indexaacc.html]
[www.fabeat.in/product-tag/slimming/feed/index.html]
[www.fabeat.in/product-tag/slimming/feed/indexaacc.html]
[fabeat.s3.ap-south-1.amazonaws.com/colonial/Chicken+pea+spinach+rice.jpg]
[www.fabeat.in/wp-json/wp/v2/product/11416.json]
[www.fabeat.in/product/chicken-pea-spinach-rice/feed/index.html]
[www.fabeat.in/wp-json/oembed/1.0/embed62b8.json]
[www.fabeat.in/wp-json/oembed/1.0/embedefe9]
[www.fabeat.in/wp-content/uploads/2020/08/CHICKEN-PEA-SPINACH-RICE-L-600x600.jpg]
[www.fabeat.in/wp-content/uploads/2020/08/chicpea-rice-300x300.png]
[www.fabeat.in/wp-content/uploads/2020/11/02_menu_muscle-360x244.jpg]
[www.fabeat.in/product/chicken-pea-spinach-rice/index.html]
[fabeat.s3.ap-south-1.amazonaws.com/colonial/Chocolate+protien+brownie.jpg]
[www.fabeat.in/wp-json/wp/v2/product/11546.json]
[www.fabeat.in/product/chocolate-protein-brownie/feed/index.html]
[www.fabeat.in/wp-json/oembed/1.0/embed97d1.json]
[www.fabeat.in/wp-json/oembed/1.0/embed1c11]
[www.fabeat.in/wp-content/uploads/2020/08/CHOCOLATE-PROTIEN-BROWNIE-S.jpg]
[www.fabeat.in/wp-content/uploads/2020/08/CHOCOLATE-PROTIEN-BROWNIE-S-600x600.jpg]
[www.fabeat.in/wp-content/uploads/2020/08/Brownie-300x300.png]
[www.fabeat.in/product/chocolate-protein-brownie/index.html]
[fabeat.s3.ap-south-1.amazonaws.com/colonial/Chocolate+protien+cup+cake.jpg]
[www.fabeat.in/product/chocolate-protein-cup-cake-s/feed/index.html]
[www.fabeat.in/wp-json/wp/v2/product/11549.json]
[www.fabeat.in/wp-json/oembed/1.0/embeddeaa.json]
[www.fabeat.in/wp-json/oembed/1.0/embed1214]
[www.fabeat.in/wp-content/uploads/2020/08/CHOCOLATE-PROTIEN-CUP-CAKE-S.jpg]
[www.fabeat.in/wp-content/uploads/2020/08/CHOCOLATE-PROTIEN-CUP-CAKE-S-600x600.jpg]
[www.fabeat.in/product/chocolate-protein-cup-cake-s/index.html]
[www.fabeat.in/wp-content/uploads/2020/08/Chocolate-protien-cupcake-1-1-300x300.png]
[www.fabeat.in/wp-content/uploads/2018/02/SOYA-VEGGIE-BOWL-D-360x360.jpg]
[www.fabeat.in/product-tag/slimming/page/3/indexaacc.html]
[www.fabeat.in/product-tag/slimming/page/4/indexaacc.html]
[www.fabeat.in/product/soya-veggie-bowl/index.html]
[www.fabeat.in/wp-json/oembed/1.0/embed6d40.json]
[www.fabeat.in/wp-json/oembed/1.0/embed9585]
[www.fabeat.in/menu/office-menu/indexaacc.html]
[www.fabeat.in/wp-json/wp/v2/categories/305.json]
[www.fabeat.in/wp-content/uploads/2018/02/about-widget.jpg]
[www.fabeat.in/category/fitness/indexaacc.html]
[www.fabeat.in/wp-json/wp/v2/pages/5271.216.delayed]
[www.fabeat.in/wp-json/oembed/1.0/embed1049.json]
[www.fabeat.in/wp-json/oembed/1.0/embed44b3]
[www.fabeat.in/blog-masonry-with-sidebar/indexaacc.html]
[www.fabeat.in/events/index30df.html]
[www.fabeat.in/index40a0.html]
[www.fabeat.in/team/feed/index.html]
[www.fabeat.in/team/kelley-miles/index.html]
[www.fabeat.in/team/sherman-warner/index.html]
[www.fabeat.in/team/feed/indexaacc.html]
[www.fabeat.in/team/kelley-miles/indexaacc.html]
[www.fabeat.in/index2a5c.html]
[www.fabeat.in/shop/page/2/indexaacc.html]
[www.fabeat.in/team/sherman-warner/indexaacc.html]
[www.fabeat.in/shop/feed/index.html]
[www.fabeat.in/shop/feed/indexaacc.html]
[fabeat.s3.ap-south-1.amazonaws.com/colonial/Baked+beef+curry+rice.jpg]
[www.fabeat.in/wp-json/wp/v2/product/11414.json]
[www.fabeat.in/product/baked-beef-curry-rice/feed/index.html]
[www.fabeat.in/wp-json/oembed/1.0/embeda86b.json]
[www.fabeat.in/wp-json/oembed/1.0/embed8aa4]
[www.fabeat.in/wp-content/uploads/2020/08/0-BAKED-BEEF-CURRY-RICE-L-600x600.jpg]
[www.fabeat.in/wp-content/uploads/2020/08/Baked-beef-curry-rice-1-300x300.png]
[www.fabeat.in/product/baked-beef-curry-rice/index.html]
[fabeat.s3.ap-south-1.amazonaws.com/colonial/Baked+chicken+curry+rice.jpg]
[www.fabeat.in/wp-json/wp/v2/product/11415.json]
[www.fabeat.in/product/baked-chicken-curry-rice/feed/index.html]
[www.fabeat.in/wp-json/oembed/1.0/embed28e2.json]
[www.fabeat.in/wp-json/oembed/1.0/embed3e66]
[www.fabeat.in/wp-content/uploads/2020/08/BAKED-CHICKEN-CURRY-RICE-L-600x600.jpg]
[www.fabeat.in/wp-content/uploads/2020/08/baked-curry-chicken-2-300x300.png]
[www.fabeat.in/product/baked-chicken-curry-rice/index.html]
[www.fabeat.in/product/balanced-menu-1200-1400-kcal/index.html]
[www.fabeat.in/shop/page/3/indexaacc.html]
[www.fabeat.in/shop/page/4/indexaacc.html]
[www.fabeat.in/shop/page/5/indexaacc.html]
[www.fabeat.in/wp-content/uploads/2020/11/01_menu_slimming-360x244.jpg]
[www.fabeat.in/shop/page/6/indexaacc.html]
[www.fabeat.in/shop/page/7/indexaacc.html]
[www.fabeat.in/wp-json/wp/v2/categories/215.json]
[www.fabeat.in/category/slimming/indexaacc.html]
[www.fabeat.in/wp-json/wp/v2/posts/11231.json]
[www.fabeat.in/wp-json/oembed/1.0/embede832.json]
[www.fabeat.in/wp-json/oembed/1.0/embed6a86]
[www.fabeat.in/wp-content/uploads/2020/08/4.jpg]
[www.fabeat.in/obesity-the-causesrisks-and-cure-explained/indexaacc.html]
[www.fabeat.in/wp-json/wp/v2/posts/11234.json]
[www.fabeat.in/wp-json/oembed/1.0/embed8d8c.json]
[www.fabeat.in/wp-json/oembed/1.0/embed6f99]
[www.fabeat.in/wp-content/uploads/2020/08/5.jpg]
[www.fabeat.in/intermittent-fasting-explained-and-3-ways-to-adapt-it-into-your-life/indexaacc.html]
[www.fabeat.in/wp-json/wp/v2/posts/11236.json]
[www.fabeat.in/wp-json/oembed/1.0/embed1a39.json]
[www.fabeat.in/wp-json/oembed/1.0/embed5a08]
[www.fabeat.in/wp-content/uploads/2020/08/9-1024x1024.jpg]
[www.fabeat.in/top-5-drinks-to-consume-this-season-to-build-your-immunity/indexaacc.html]
[www.fabeat.in/wp-content/uploads/2020/08/7-1-1024x1024.jpg]
[www.fabeat.in/wp-json/wp/v2/posts/11305.json]
[www.fabeat.in/wp-json/oembed/1.0/embed61c9.json]
[www.fabeat.in/wp-json/oembed/1.0/embed93c9]
[www.fabeat.in/wp-content/uploads/2018/02/blog_23.jpg]
[www.fabeat.in/wp-content/uploads/2020/08/13-1024x1024.jpg]
[www.fabeat.in/wp-content/uploads/2020/08/11-1024x1024.jpg]
[www.fabeat.in/how-many-calories-an-adult-needs-per-day-2/indexaacc.html]
[www.fabeat.in/wp-json/wp/v2/categories/364.json]
[www.fabeat.in/category/nutritionist/indexaacc.html]
[www.fabeat.in/wp-json/wp/v2/posts/11304.json]
[www.fabeat.in/wp-json/oembed/1.0/embed8739.json]
[www.fabeat.in/wp-json/oembed/1.0/embedddc0]
[www.fabeat.in/wp-content/uploads/2018/02/blog_24.jpg]
[www.fabeat.in/wp-content/uploads/2020/08/6-1024x1024.jpg]
[www.fabeat.in/wp-content/uploads/2020/08/3-1024x1024.jpg]
[www.fabeat.in/best-products-for-fitness-nutrition-and-muscles-2/indexaacc.html]
[www.fabeat.in/index970c.html]
[cdn.ampproject.org/v0.js]
[www.fabeat.in/diet-base-for-slimming/amp/indexaacc.html]
[www.fabeat.in/product/slimming-menu-800-1000-kcal/index.html]
[www.fabeat.in/wp-content/plugins/woocommerce/assets/css/photoswipe/default-skin/default-skin.png]
[www.fabeat.in/wp-content/plugins/woocommerce/assets/css/photoswipe/photoswipe.min2cb6.css]
[www.fabeat.in/wp-content/plugins/woocommerce/assets/css/photoswipe/default-skin/preloader.gif]
[www.fabeat.in/wp-content/plugins/woocommerce/assets/css/photoswipe/default-skin/default-skin.min2cb6.css]
[www.fabeat.in/wp-content/plugins/buy-now-woo/assets/css/buy-now-woo8a54.css]
[www.fabeat.in/index89c0.html]
[fabeat.s3.ap-south-1.amazonaws.com/colonial/Oats+upma+with+egg.jpg]
[www.fabeat.in/wp-json/wp/v2/product/11408.json]
[www.fabeat.in/product/oats-upma-with-egg/feed/index.html]
[www.fabeat.in/wp-json/oembed/1.0/embed0190.json]
[www.fabeat.in/wp-json/oembed/1.0/embed407a]
[www.fabeat.in/wp-content/uploads/2020/08/OATS-UPMA-WITH-EGG-B-600x600.jpg]
[www.fabeat.in/wp-content/uploads/2020/08/oats-upma-300x300.png]
[www.fabeat.in/product/oats-upma-with-egg/index.html]
[fabeat.s3.ap-south-1.amazonaws.com/colonial/Vanilla+protien+shake.jpg]
[www.fabeat.in/wp-json/wp/v2/product/11555.json]
[www.fabeat.in/wp-json/oembed/1.0/embed749e.json]
[www.fabeat.in/product/vanilla-protein-shake/feed/index.html]
[www.fabeat.in/wp-json/oembed/1.0/embedd442]
[www.fabeat.in/wp-content/uploads/2020/08/Vanilla-Protien-shake.jpg]
[www.fabeat.in/wp-content/uploads/2020/08/Vanilla-Protien-shake-600x600.jpg]
[www.fabeat.in/wp-content/uploads/2020/08/2-1-300x300.png]
[www.fabeat.in/product/vanilla-protein-shake/index.html]
[www.fabeat.in/balanced-diet/amp/indexaacc.html]
[www.fabeat.in/index22eb.html]
[fabeat.s3.ap-south-1.amazonaws.com/colonial/Hainanese+chicken+rice.jpg]
[www.fabeat.in/wp-json/wp/v2/product/11422.json]
[www.fabeat.in/product/hainanese-chicken-rice/feed/index.html]
[www.fabeat.in/wp-json/oembed/1.0/embed6079]
[www.fabeat.in/wp-json/oembed/1.0/embed9520]
[www.fabeat.in/wp-content/uploads/2020/08/HAINANESE-CHICKEN-RICE-L.jpg]
[www.fabeat.in/wp-content/uploads/2020/08/HAINANESE-CHICKEN-RICE-L-600x600.jpg]
[www.fabeat.in/wp-content/uploads/2020/08/hainaise-chicken-rice-300x300.png]
[www.fabeat.in/product/hainanese-chicken-rice/index.html]
[www.fabeat.in/muscle-gainig/amp/indexaacc.html]
[www.fabeat.in/product/muscle-gain-menu-1400-2000-kcal/index.html]
[www.fabeat.in/indexb361.html]
[fabeat.s3.ap-south-1.amazonaws.com/colonial/Grilled+chicken+&broccoli+with+plain+rice.jpg]
[www.fabeat.in/wp-json/wp/v2/product/11420.json]
[www.fabeat.in/product/grilled-chicken-broccoli-with-plain-rice/feed/index.html]
[www.fabeat.in/wp-json/oembed/1.0/embedd6c6.json]
[www.fabeat.in/wp-json/oembed/1.0/embed0f42]
[www.fabeat.in/wp-content/uploads/2020/08/GRILLED-CHICKEN-BROCCOLI-WITH-PLAIN-RICE-L-600x600.jpg]
[www.fabeat.in/wp-content/uploads/2020/08/grilled-chicken-and-broccoli-300x300.png]
[www.fabeat.in/product/grilled-chicken-broccoli-with-plain-rice/index.html]
[www.fabeat.in/diabetic/amp/indexaacc.html]
[www.fabeat.in/product-tag/diabetic/page/2/index.html]
[fabeat.s3.ap-south-1.amazonaws.com/colonial/Oats+puttu+with+sprouts+and+egg.jpg]
[www.fabeat.in/wp-json/wp/v2/product/11407.json]
[www.fabeat.in/product/oats-puttu-with-sprouts-and-egg/feed/index.html]
[www.fabeat.in/wp-json/oembed/1.0/embed1cba.json]
[www.fabeat.in/wp-json/oembed/1.0/embeddbbd]
[www.fabeat.in/wp-content/uploads/2020/08/OATS-PUTTU-WITH-SPROUTS-AND-EGG-B-600x600.jpg]
[www.fabeat.in/wp-content/uploads/2020/08/oats-puttu-300x300.png]
[www.fabeat.in/product/oats-puttu-with-sprouts-and-egg/index.html]
[fabeat.s3.ap-south-1.amazonaws.com/colonial/Quinoa+chicken+rice+with+egg.jpg]
[www.fabeat.in/wp-json/wp/v2/product/11423.json]
[www.fabeat.in/product/quinoa-chicken-rice-with-egg/feed/index.html]
[www.fabeat.in/wp-json/oembed/1.0/embed2222.json]
[www.fabeat.in/wp-json/oembed/1.0/embedda7d]
[www.fabeat.in/wp-content/uploads/2020/08/QUINOA-CHICKEN.jpg]
[www.fabeat.in/wp-content/uploads/2020/08/QUINOA-CHICKEN-600x600.jpg]
[www.fabeat.in/wp-content/uploads/2020/08/qunioa-300x300.png]
[www.fabeat.in/product/quinoa-chicken-rice-with-egg/index.html]
[www.fabeat.in/product-tag/diabetic/page/1/indexaacc.html]
[www.fabeat.in/index11fe.html]
[fabeat.s3.ap-south-1.amazonaws.com/colonial/Protien+pancake+with+scarmbled+egg.jpg]
[www.fabeat.in/wp-json/wp/v2/product/11397.json]
[www.fabeat.in/product/protein-pancake-with-scrambled-egg/feed/index.html]
[www.fabeat.in/wp-json/oembed/1.0/embed1124.json]
[www.fabeat.in/wp-json/oembed/1.0/embed560b]
[www.fabeat.in/wp-content/uploads/2020/08/BF-600x600.png]
[www.fabeat.in/wp-content/uploads/2020/08/pancake-with-scramled-egg-2-300x300.png]
[www.fabeat.in/product/protein-pancake-with-scrambled-egg/index.html]
[fabeat.s3.ap-south-1.amazonaws.com/colonial/Grilled+chicken+wrap.jpg]
[www.fabeat.in/wp-json/wp/v2/product/11410.json]
[www.fabeat.in/wp-json/oembed/1.0/embedfdcd.json]
[www.fabeat.in/product/grilled-chicken-wrap/feed/index.html]
[www.fabeat.in/wp-json/oembed/1.0/embed03d2]
[www.fabeat.in/wp-content/uploads/2020/08/GRILLED-CHICKEN-WRAP-B-1-600x600.jpg]
[www.fabeat.in/wp-content/uploads/2020/08/chicken-wrap-300x300.png]
[www.fabeat.in/product/grilled-chicken-wrap/index.html]
[www.fabeat.in/index5e6a.html]
[fabeat.s3.ap-south-1.amazonaws.com/colonial/Chocolate+protien+shake.jpg]
[www.fabeat.in/wp-json/wp/v2/product/11558.json]
[www.fabeat.in/product/chocolate-protein-shake/feed/index.html]
[www.fabeat.in/wp-json/oembed/1.0/embed2c3a.json]
[www.fabeat.in/wp-json/oembed/1.0/embedbf49]
[www.fabeat.in/product/chocolate-protein-shake/index.html]
[fabeat.s3.ap-south-1.amazonaws.com/colonial/Protien+pancake+with+chicken+sausage.jpg]
[www.fabeat.in/wp-json/wp/v2/product/11409.json]
[www.fabeat.in/product/protien-pancake-with-chicken-sausage/feed/index.html]
[www.fabeat.in/wp-json/oembed/1.0/embed1047.json]
[www.fabeat.in/wp-json/oembed/1.0/embed70fe]
[www.fabeat.in/wp-content/uploads/2020/08/PROTIEN-PANCAKE-WITH-CHICKEN-sausage-B.jpg]
[www.fabeat.in/wp-content/uploads/2020/08/PROTIEN-PANCAKE-WITH-CHICKEN-sausage-B-600x600.jpg]
[www.fabeat.in/wp-content/uploads/2020/08/protein-pancake-with-sausage-1-300x300.png]
[www.fabeat.in/product/protien-pancake-with-chicken-sausage/index.html]
[www.fabeat.in/index910d.html]
[fabeat.s3.ap-south-1.amazonaws.com/colonial/Stuffed+pepper+rice.jpg]
[www.fabeat.in/wp-json/wp/v2/product/11424.json]
[www.fabeat.in/product/stuffed-pepper-rice/feed/index.html]
[www.fabeat.in/wp-json/oembed/1.0/embed4d3d.json]
[www.fabeat.in/wp-json/oembed/1.0/embed9e9b]
[www.fabeat.in/wp-content/uploads/2020/08/STUFFED-PEPPER-RICE-L-600x600.jpg]
[www.fabeat.in/wp-content/uploads/2020/08/Stuffed-pepper-beef-rice-1-300x300.png]
[www.fabeat.in/product/stuffed-pepper-rice/index.html]
[www.fabeat.in/index34b4.html]
[www.fabeat.in/index3fae.html]
[fabeat.s3.ap-south-1.amazonaws.com/colonial/Ground+beef+rice.jpg]
[www.fabeat.in/wp-json/wp/v2/product/11421.json]
[www.fabeat.in/product/ground-beef-rice/feed/index.html]
[www.fabeat.in/wp-json/oembed/1.0/embed83e6.json]
[www.fabeat.in/wp-json/oembed/1.0/embed6dea]
[www.fabeat.in/wp-content/uploads/2020/08/GROUND-BEEF-RICE-L-1.jpg]
[www.fabeat.in/wp-content/uploads/2020/08/GROUND-BEEF-RICE-L-1-600x600.jpg]
[www.fabeat.in/wp-content/uploads/2020/08/ground-beef-rice-1-300x300.png]
[www.fabeat.in/product/ground-beef-rice/index.html]
[www.fabeat.in/index1c21.html]
[www.fabeat.in/product-tag/diabetic/page/3/index.html]
[fabeat.s3.ap-south-1.amazonaws.com/colonial/Stuffed+egg+with+chicken+&+veggies.jpg]
[www.fabeat.in/wp-json/wp/v2/product/11438.json]
[www.fabeat.in/product/stuffed-egg-with-chicken-veggies/feed/index.html]
[www.fabeat.in/wp-json/oembed/1.0/embed3e03.json]
[www.fabeat.in/wp-json/oembed/1.0/embedf19d]
[www.fabeat.in/wp-content/uploads/2018/02/STUFFED-EGG-WITH-CHICKEN-VEGGIES-D.jpg]
[www.fabeat.in/wp-content/uploads/2018/02/STUFFED-EGG-WITH-CHICKEN-VEGGIES-D-600x600.jpg]
[www.fabeat.in/wp-content/uploads/2020/08/stuffed-egg-300x300.png]
[www.fabeat.in/product/stuffed-egg-with-chicken-veggies/index.html]
[www.fabeat.in/wp-content/uploads/2018/02/1.jpg]
[www.fabeat.in/product-category/drinks/indexaacc.html]
[www.fabeat.in/product-category/diabetic-menu/indexaacc.html]
[www.fabeat.in/product-category/high-protein/indexaacc.html]
[www.fabeat.in/product-category/diabetic-menu/page/2/indexaacc.html]
[www.fabeat.in/product-category/high-protein/page/2/indexaacc.html]
[www.fabeat.in/wp-content/uploads/2018/02/dish_01-1.jpg]
[www.fabeat.in/product-category/keto-diet-meals/indexaacc.html]
[www.fabeat.in/product-category/low-pressure/indexaacc.html]
[www.fabeat.in/product-category/high-protein/page/3/indexaacc.html]
[www.fabeat.in/wp-content/uploads/2018/02/co-ver.299.delayed]
[www.fabeat.in/product-category/meals/indexaacc.html]
[www.fabeat.in/product-category/snacks/indexaacc.html]
[www.fabeat.in/product-category/meals/page/2/indexaacc.html]
[www.fabeat.in/product-category/meals/page/3/indexaacc.html]
[www.fabeat.in/product-category/meals/page/4/indexaacc.html]
[www.fabeat.in/product-category/meals/page/5/indexaacc.html]
[www.fabeat.in/wp-content/uploads/2018/02/02_vegetables.jpg]
[www.fabeat.in/product-category/vegetables/indexaacc.html]
[www.fabeat.in/product-category/weight-loss/indexaacc.html]
[www.fabeat.in/product-category/meals/page/6/indexaacc.html]
[www.fabeat.in/product-tag/musclegain/indexaacc.html]
[www.fabeat.in/product-category/weight-loss/page/2/indexaacc.html]
[www.fabeat.in/ketogenic-diet/amp/indexaacc.html]
[www.fabeat.in/product-category/weight-loss/page/3/indexaacc.html]
[www.fabeat.in/product-tag/musclegain/page/2/indexaacc.html]
[www.fabeat.in/index335a.html]
[www.fabeat.in/index3505.html]
[www.fabeat.in/index94cf.html]
[www.fabeat.in/product-tag/musclegain/page/3/indexaacc.html]
[fabeat.s3.ap-south-1.amazonaws.com/colonial/scrambled+egg+with+chicken+&+broccoli.jpg]
[www.fabeat.in/wp-json/wp/v2/product/11435.json]
[www.fabeat.in/product/scrambled-egg-with-mushroom-broccoli/feed/index.html]
[www.fabeat.in/wp-json/oembed/1.0/embedc56e.json]
[www.fabeat.in/wp-json/oembed/1.0/embed77dc]
[www.fabeat.in/wp-content/uploads/2018/02/SCRAMBLED-EGG-WITH-MUSHROOM-BROCOLLI-D.jpg-600x600.jpg]
[www.fabeat.in/wp-content/uploads/2020/08/scramled-egg-with-mushroom-and-broccoli-300x300.png]
[www.fabeat.in/product/scrambled-egg-with-mushroom-broccoli/index.html]
[fabeat.s3.ap-south-1.amazonaws.com/colonial/Vanilla+protien+cup+cake.jpg]
[www.fabeat.in/wp-json/wp/v2/product/11552.json]
[www.fabeat.in/product/vanilla-protein-cupcake/feed/index.html]
[www.fabeat.in/wp-json/oembed/1.0/embed6b44.json]
[www.fabeat.in/wp-json/oembed/1.0/embed577f]
[www.fabeat.in/wp-content/uploads/2020/08/vanilla-cup-cake-300x300.png]
[www.fabeat.in/product/vanilla-protein-cupcake/index.html]
[www.fabeat.in/index0fb9.html]
[www.fabeat.in/product-tag/balanced/page/2/index.html]
[fabeat.s3.ap-south-1.amazonaws.com/colonial/Egg+skillet+with+sweet+potato+hash.jpg]
[www.fabeat.in/wp-json/wp/v2/product/11405.json]
[www.fabeat.in/product/egg-skillet-with-sweet-potato-hash/feed/index.html]
[www.fabeat.in/wp-json/oembed/1.0/embedb632.json]
[www.fabeat.in/wp-json/oembed/1.0/embedf53e]
[www.fabeat.in/wp-content/uploads/2020/08/EGG-SKILLET-WITH-SWEET-POTATO-HASH-BPROTIEN-PANCAKE-WITH-SCRAMBLED-EGG-B-600x600.jpg]
[www.fabeat.in/wp-content/uploads/2020/08/Egg-skillet-with-sweet-potato-hash-1-300x300.png]
[www.fabeat.in/product/egg-skillet-with-sweet-potato-hash/index.html]
[fabeat.s3.ap-south-1.amazonaws.com/colonial/Firttata.jpg]
[www.fabeat.in/wp-json/wp/v2/product/11433.json]
[www.fabeat.in/wp-json/oembed/1.0/embed40cf.json]
[www.fabeat.in/product/firittata/feed/index.html]
[www.fabeat.in/wp-json/oembed/1.0/embed438d]
[www.fabeat.in/wp-content/uploads/2018/02/FIRITTATA.jpg]
[www.fabeat.in/wp-content/uploads/2018/02/FIRITTATA-600x600.jpg]
[www.fabeat.in/wp-content/uploads/2020/08/frittata-300x300.png]
[www.fabeat.in/product/firittata/index.html]
[www.fabeat.in/product-tag/balanced/page/1/indexaacc.html]
[www.fabeat.in/index3ceb.html]
[www.fabeat.in/wp-json/oembed/1.0/embed2171]
[fabeat.s3.ap-south-1.amazonaws.com/colonial/Teriyaki+chicken.jpg]
[www.fabeat.in/wp-json/wp/v2/product/11426.json]
[www.fabeat.in/wp-json/oembed/1.0/embedf343.json]
[www.fabeat.in/product/teriyaki-chicken/feed/index.html]
[www.fabeat.in/wp-json/oembed/1.0/embed1f7c]
[www.fabeat.in/wp-content/uploads/2020/08/TERIYAKI-CHICKEN-600x600.jpg]
[www.fabeat.in/wp-content/uploads/2020/08/TERIYAI-chicken-300x300.png]
[www.fabeat.in/product/teriyaki-chicken/index.html]
[www.fabeat.in/indexe544.html]
[www.fabeat.in/wp-content/uploads/2020/08/92-300x300.png/indexaacc.html]
[www.fabeat.in/indexb08d.html]
[www.fabeat.in/product-tag/balanced/page/3/index.html]
[fabeat.s3.ap-south-1.amazonaws.com/colonial/Grilled+chicken+with+french+beans.jpg]
[www.fabeat.in/wp-json/wp/v2/product/11434.json]
[www.fabeat.in/product/grilled-chicken-with-french-beans-2/feed/index.html]
[www.fabeat.in/wp-json/oembed/1.0/embed8659.json]
[www.fabeat.in/wp-json/oembed/1.0/embed6d0e]
[www.fabeat.in/wp-content/uploads/2018/02/GRILLED-CHICKEN-WITH-FRENCH-BEANS-D-600x600.jpg]
[www.fabeat.in/wp-content/uploads/2020/08/grilled-chicken-and-broccoli-1-300x300.png]
[www.fabeat.in/product/grilled-chicken-with-french-beans-2/index.html]
[www.fabeat.in/product-tag/balanced/page/4/index.html]
[fabeat.s3.ap-south-1.amazonaws.com/colonial/Spicy+beef+Quesadilla.jpg]
[www.fabeat.in/wp-json/wp/v2/product/11437.json]
[www.fabeat.in/product/spicy-beef-quesadilla/feed/index.html]
[www.fabeat.in/wp-json/oembed/1.0/embed9f98.json]
[www.fabeat.in/wp-json/oembed/1.0/embed3ef4]
[www.fabeat.in/wp-content/uploads/2018/02/SPICY-BEEF-QUESADILLA-D.jpg]
[www.fabeat.in/wp-content/uploads/2018/02/SPICY-BEEF-QUESADILLA-D-600x600.jpg]
[www.fabeat.in/wp-content/uploads/2020/08/beef-qusedilla.jpg-300x300.png]
[www.fabeat.in/product/spicy-beef-quesadilla/index.html]
[www.fabeat.in/product-tag/balanced/page/5/index.html]
[www.fabeat.in/product-tag/slimming/page/2/index.html]
[www.fabeat.in/product-tag/slimming/page/1/indexaacc.html]
[www.fabeat.in/indexf2c1.html]
[www.fabeat.in/index712b.html]
[www.fabeat.in/index8bba.html]
[www.fabeat.in/product-tag/slimming/page/3/index.html]
[fabeat.s3.ap-south-1.amazonaws.com/colonial/soya+veggie+bowl.jpg]
[www.fabeat.in/wp-json/wp/v2/product/11436.json]
[www.fabeat.in/product/soya-veggie-bowl/feed/index.html]
[www.fabeat.in/wp-json/oembed/1.0/embed4e2b.json]
[www.fabeat.in/wp-json/oembed/1.0/embed3b8f]
[www.fabeat.in/wp-content/uploads/2018/02/SOYA-VEGGIE-BOWL-D.jpg]
[www.fabeat.in/wp-content/uploads/2018/02/SOYA-VEGGIE-BOWL-D-600x600.jpg]
[www.fabeat.in/wp-content/uploads/2020/08/soya-veggi-bowl-300x300.png]
[www.fabeat.in/product/soya-veggie-bowl/index.html]
[www.fabeat.in/product-tag/slimming/page/4/index.html]
[www.fabeat.in/index93ca.html]
[www.fabeat.in/category/fitness/feed/index.html]
[www.fabeat.in/blog/index.html]
[www.fabeat.in/category/healthy-food/index.html]
[www.fabeat.in/category/nutrition/index.html]
[www.fabeat.in/category/vegetarian/index.html]
[www.fabeat.in/category/fitness/feed/indexaacc.html]
[www.fabeat.in/tag/nutrition/index.html]
[www.fabeat.in/category/healthy-food/indexaacc.html]
[www.fabeat.in/index6c7c.html]
[www.fabeat.in/events/index75f2.html]
[www.fabeat.in/category/vegetarian/indexaacc.html]
[www.fabeat.in/category/nutrition/indexaacc.html]
[www.fabeat.in/tag/nutrition/indexaacc.html]
[www.fabeat.in/wp-json/oembed/1.0/embed2197.json]
[www.fabeat.in/wp-json/oembed/1.0/embed3f35]
[www.fabeat.in/team/kelley-miles/indexaacc.html]
[www.fabeat.in/wp-json/oembed/1.0/embed5383.json]
[www.fabeat.in/wp-json/oembed/1.0/embed232b]
[www.fabeat.in/team/sherman-warner/indexaacc.html]
[www.fabeat.in/shop/page/2/index.html]
[www.fabeat.in/shop/page/1/indexaacc.html]
[www.fabeat.in/index2197.html]
[www.fabeat.in/index15b8.html]
[www.fabeat.in/shop/page/3/index.html]
[www.fabeat.in/shop/page/4/index.html]
[www.fabeat.in/shop/page/5/index.html]
[www.fabeat.in/shop/page/6/index.html]
[www.fabeat.in/shop/page/7/index.html]
[www.fabeat.in/category/slimming/feed/index.html]
[www.fabeat.in/obesity-the-causesrisks-and-cure-explained/feed/index.html]
[www.fabeat.in/index981a.html]
[www.fabeat.in/obesity-the-causesrisks-and-cure-explained/amp/index.html]
[www.fabeat.in/intermittent-fasting-explained-and-3-ways-to-adapt-it-into-your-life/feed/index.html]
[www.fabeat.in/category/slimming/feed/indexaacc.html]
[www.fabeat.in/index36fd.html]
[www.fabeat.in/intermittent-fasting-explained-and-3-ways-to-adapt-it-into-your-life/amp/index.html]
[www.fabeat.in/obesity-the-causesrisks-and-cure-explained/amp/indexaacc.html]
[www.fabeat.in/top-5-drinks-to-consume-this-season-to-build-your-immunity/feed/index.html]
[www.fabeat.in/intermittent-fasting-explained-and-3-ways-to-adapt-it-into-your-life/amp/indexaacc.html]
[www.fabeat.in/index69ce.html]
[www.fabeat.in/top-5-drinks-to-consume-this-season-to-build-your-immunity/amp/index.html]
[www.fabeat.in/obesity-the-causesrisks-and-cure-explained/feed/indexaacc.html]
[www.fabeat.in/how-many-calories-an-adult-needs-per-day-2/feed/index.html]
[www.fabeat.in/top-5-drinks-to-consume-this-season-to-build-your-immunity/amp/indexaacc.html]
[www.fabeat.in/indexa025.html]
[www.fabeat.in/how-many-calories-an-adult-needs-per-day-2/amp/index.html]
[www.fabeat.in/intermittent-fasting-explained-and-3-ways-to-adapt-it-into-your-life/feed/indexaacc.html]
[www.fabeat.in/category/nutritionist/feed/index.html]
[www.fabeat.in/how-many-calories-an-adult-needs-per-day-2/amp/indexaacc.html]
[www.fabeat.in/best-products-for-fitness-nutrition-and-muscles-2/feed/index.html]
[www.fabeat.in/category/nutritionist/feed/indexaacc.html]
[www.fabeat.in/top-5-drinks-to-consume-this-season-to-build-your-immunity/feed/indexaacc.html]
[www.fabeat.in/index894a.html]
[www.fabeat.in/best-products-for-fitness-nutrition-and-muscles-2/amp/index.html]
[www.fabeat.in/wp-content/plugins/woocommerce/assets/css/photoswipe/default-skin/default-skin.svg]
[www.fabeat.in/indexbaad.html]
[www.fabeat.in/indexc8c4.html]
[www.fabeat.in/indexc0bd.html]
[www.fabeat.in/index3fde.html]
[www.fabeat.in/index1e55.html]
[www.fabeat.in/indexe57f.html]
[www.fabeat.in/index9f8f.html]
[www.fabeat.in/indexe982.html]
[www.fabeat.in/index3541.html]
[www.fabeat.in/index6324.html]
[www.fabeat.in/index0060.html]
[www.fabeat.in/index529e.html]
[www.fabeat.in/indexc406.html]
[www.fabeat.in/product-category/drinks/feed/index.html]
[www.fabeat.in/how-many-calories-an-adult-needs-per-day-2/feed/indexaacc.html]
[www.fabeat.in/product-category/diabetic-menu/page/2/indexaacc.html]
[www.fabeat.in/best-products-for-fitness-nutrition-and-muscles-2/amp/indexaacc.html]
[www.fabeat.in/product-category/drinks/feed/indexaacc.html]
[www.fabeat.in/product-category/diabetic-menu/feed/index.html]
[www.fabeat.in/product-category/high-protein/page/2/indexaacc.html]
[www.fabeat.in/best-products-for-fitness-nutrition-and-muscles-2/feed/indexaacc.html]
[www.fabeat.in/product-category/high-protein/feed/index.html]
[www.fabeat.in/product-category/diabetic-menu/feed/indexaacc.html]
[www.fabeat.in/product-category/high-protein/page/3/indexaacc.html]
[www.fabeat.in/product-category/keto-diet-meals/feed/index.html]
[www.fabeat.in/product-category/low-pressure/feed/index.html]
[www.fabeat.in/product-category/high-protein/feed/indexaacc.html]
[www.fabeat.in/product-category/keto-diet-meals/feed/indexaacc.html]
[www.fabeat.in/product-category/meals/page/2/indexaacc.html]
[www.fabeat.in/product-category/meals/feed/index.html]
[www.fabeat.in/product-category/low-pressure/feed/indexaacc.html]
[www.fabeat.in/product-category/meals/page/3/indexaacc.html]
[www.fabeat.in/product-category/meals/feed/indexaacc.html]
[www.fabeat.in/product-category/meals/page/4/indexaacc.html]
[www.fabeat.in/product-category/meals/page/5/indexaacc.html]
[www.fabeat.in/product-category/meals/page/6/indexaacc.html]
[www.fabeat.in/product-category/snacks/feed/index.html]
[www.fabeat.in/product-category/vegetables/feed/index.html]
[www.fabeat.in/product-category/weight-loss/page/2/indexaacc.html]
[www.fabeat.in/product-category/weight-loss/feed/index.html]
[www.fabeat.in/product-category/vegetables/feed/indexaacc.html]
[www.fabeat.in/product-category/snacks/feed/indexaacc.html]
[www.fabeat.in/product-category/weight-loss/page/3/indexaacc.html]
[www.fabeat.in/product-category/weight-loss/feed/indexaacc.html]
[www.fabeat.in/product-tag/musclegain/page/2/indexaacc.html]
[www.fabeat.in/product-tag/musclegain/feed/index.html]
[www.fabeat.in/product-tag/musclegain/page/3/indexaacc.html]
[www.fabeat.in/product-tag/musclegain/feed/indexaacc.html]
[www.fabeat.in/indexb514.html]
[www.fabeat.in/indexa2f5.html]
[www.fabeat.in/index5ce5.html]
[www.fabeat.in/index584b.html]
[www.fabeat.in/index2073.html]
[www.fabeat.in/index3f6e.html]
[www.fabeat.in/index75a9.html]
[www.fabeat.in/indexccfd.html]
[www.fabeat.in/wp-json/wp/v2/categories/302.json]
[www.fabeat.in/category/healthy-food/indexaacc.html]
[www.fabeat.in/wp-json/wp/v2/categories/301.json]
[www.fabeat.in/category/nutrition/indexaacc.html]
[www.fabeat.in/wp-json/wp/v2/categories/293.json]
[www.fabeat.in/category/vegetarian/indexaacc.html]
[www.fabeat.in/wp-json/wp/v2/tags/324.json]
[www.fabeat.in/tag/nutrition/indexaacc.html]
[www.fabeat.in/events/index4020.html]
[www.fabeat.in/indexeeae.html]
[www.fabeat.in/indexca39.html]
[www.fabeat.in/obesity-the-causesrisks-and-cure-explained/amp/indexaacc.html]
[www.fabeat.in/intermittent-fasting-explained-and-3-ways-to-adapt-it-into-your-life/amp/indexaacc.html]
[www.fabeat.in/wp-json/tribe/events/v1/events/index5a50.html]
[cdn.ampproject.org/v0/amp-carousel-0.2.js]
[www.fabeat.in/top-5-drinks-to-consume-this-season-to-build-your-immunity/amp/indexaacc.html]
[www.fabeat.in/wp-content/uploads/2018/02/blog_23-1024x683.jpg]
[www.fabeat.in/how-many-calories-an-adult-needs-per-day-2/amp/indexaacc.html]
[www.fabeat.in/wp-content/uploads/2018/02/blog_24-1024x683.jpg]
[www.fabeat.in/best-products-for-fitness-nutrition-and-muscles-2/amp/indexaacc.html]
[www.fabeat.in/product-category/diabetic-menu/page/2/index.html]
[www.fabeat.in/product-category/diabetic-menu/page/1/indexaacc.html]
[www.fabeat.in/product-category/high-protein/page/2/index.html]
[www.fabeat.in/product-category/high-protein/page/1/indexaacc.html]
[www.fabeat.in/product-category/high-protein/page/3/index.html]
[www.fabeat.in/product-category/meals/page/2/index.html]
[www.fabeat.in/product-category/meals/page/1/indexaacc.html]
[www.fabeat.in/product-category/meals/page/3/index.html]
[www.fabeat.in/product-category/meals/page/4/index.html]
[www.fabeat.in/product-category/meals/page/5/index.html]
[www.fabeat.in/product-category/meals/page/6/index.html]
[www.fabeat.in/product-category/weight-loss/page/2/index.html]
[www.fabeat.in/product-category/weight-loss/page/1/indexaacc.html]
[www.fabeat.in/product-category/weight-loss/page/3/index.html]
[www.fabeat.in/product-tag/musclegain/page/2/index.html]
[www.fabeat.in/product-tag/musclegain/page/1/indexaacc.html]
[www.fabeat.in/product-tag/musclegain/page/3/index.html]
[www.fabeat.in/category/healthy-food/feed/index.html]
[www.fabeat.in/category/nutrition/feed/index.html]
[www.fabeat.in/category/vegetarian/feed/index.html]
[www.fabeat.in/tag/nutrition/feed/index.html]
[www.fabeat.in/category/healthy-food/feed/indexaacc.html]
[www.fabeat.in/category/vegetarian/feed/indexaacc.html]
[www.fabeat.in/events/index8fce.html]
[www.fabeat.in/category/nutrition/feed/indexaacc.html]
[www.fabeat.in/tag/nutrition/feed/indexaacc.html]
[www.fabeat.in/events/index01ea.html]
[www.fabeat.in/events/indexaa51.html]
[www.fabeat.in/events/index5a96.html]
[www.fabeat.in/events/index9b85.html]
[www.fabeat.in/events/index72df.html]
[www.fabeat.in/events/index7278.html]
[www.fabeat.in/events/index3572.html]
[www.fabeat.in/events/index6cc5.html]
[www.fabeat.in/events/index5175.html]
[www.fabeat.in/events/indexc2a6.html]
[www.fabeat.in/events/index49c2.html]
[www.fabeat.in/events/indexcfca.html]
[www.fabeat.in/events/indexfa59.html]
[www.fabeat.in/events/index799d.html]
[www.fabeat.in/events/index1068.html]
[www.fabeat.in/events/indexb21c.html]
[www.fabeat.in/events/indexe4bd.html]
[www.fabeat.in/events/indexd05f.html]
[www.fabeat.in/events/index3f82.html]
[www.fabeat.in/events/index88ee.html]
[www.fabeat.in/events/index1691.html]
[www.fabeat.in/events/index5a10.html]
[www.fabeat.in/events/index644d.html]
[www.fabeat.in/events/index2a0f.html]
[www.fabeat.in/events/indexf717.html]
[www.fabeat.in/events/indexa5dc.html]
[www.fabeat.in/events/index1066.html]
[www.fabeat.in/events/indexb2cd.html]
[www.fabeat.in/events/indexdc65.html]
[www.fabeat.in/events/index9d81.html]
[www.fabeat.in/events/index5897.html]
[www.fabeat.in/events/indexf146.html]
[www.fabeat.in/events/index8888.html]
[www.fabeat.in/events/index3ef6.html]
[www.fabeat.in/events/indexca54.html]
[www.fabeat.in/events/indexeaae.html]
[www.fabeat.in/events/index4eea.html]
[www.fabeat.in/events/index043e.html]
[www.fabeat.in/events/indexa808.html]
[www.fabeat.in/events/indexe980.html]
[www.fabeat.in/events/index5a68.html]
[www.fabeat.in/events/indexe6a0.html]
[www.fabeat.in/events/index2f08.html]
[www.fabeat.in/events/index9aaf.html]
[www.fabeat.in/events/index54a2.html]
[www.fabeat.in/events/indexe304.html]
[www.fabeat.in/events/indexda7d.html]
